Component: ARM Compiler 5.05 update 2 (build 169) Tool: armlink [4d0f33]

==============================================================================

Section Cross References

    blinky.o(.text) refers to stm32f4xx_hal_rcc.o(.text) for HAL_RCC_OscConfig
    blinky.o(.text) refers to led_f4discovery.o(.text) for LED_GetCount
    blinky.o(.text) refers to stm32f4xx_hal.o(.text) for HAL_Init
    blinky.o(.text) refers to buttons_f4discovery.o(.text) for Buttons_Initialize
    blinky.o(.text) refers to rt_cmsis.o(i.osDelay) for osDelay
    blinky.o(.text) refers to rt_time.o(.data) for os_time
    buttons_f4discovery.o(.text) refers to stm32f4xx_hal_gpio.o(.text) for HAL_GPIO_Init
    led_f4discovery.o(.text) refers to stm32f4xx_hal_gpio.o(.text) for HAL_GPIO_Init
    led_f4discovery.o(.text) refers to led_f4discovery.o(.constdata) for LED_PIN
    rtx_conf_cm.o(.ARM.Collect$$$$000000FF) refers to rt_cmsis.o(i.osKernelInitialize) for osKernelInitialize
    rtx_conf_cm.o(.ARM.Collect$$$$000000FF) refers to rt_cmsis.o(i.osThreadCreate) for osThreadCreate
    rtx_conf_cm.o(.ARM.Collect$$$$000000FF) refers to rt_cmsis.o(i.osKernelStart) for osKernelStart
    rtx_conf_cm.o(.ARM.Collect$$$$000000FF) refers to rtx_conf_cm.o(.data) for .data
    rtx_conf_cm.o(.constdata) refers to rt_cmsis.o(i.osTimerThread) for osTimerThread
    rtx_conf_cm.o(.constdata) refers to rtx_conf_cm.o(.bss) for os_messageQ_q_osTimerMessageQ
    rtx_conf_cm.o(.data) refers to blinky.o(.text) for main
    startup_stm32f407xx.o(RESET) refers to startup_stm32f407xx.o(STACK) for __initial_sp
    startup_stm32f407xx.o(RESET) refers to startup_stm32f407xx.o(.text) for Reset_Handler
    startup_stm32f407xx.o(RESET) refers to hal_cm4.o(.emb_text) for SVC_Handler
    startup_stm32f407xx.o(.text) refers to system_stm32f4xx.o(.text) for SystemInit
    startup_stm32f407xx.o(.text) refers to entry.o(.ARM.Collect$$$$00000000) for __main
    system_stm32f4xx.o(.text) refers to system_stm32f4xx.o(.data) for SystemCoreClock
    stm32f4xx_hal.o(.text) refers to stm32f4xx_hal_rcc.o(.text) for HAL_RCC_GetHCLKFreq
    stm32f4xx_hal.o(.text) refers to stm32f4xx_hal_cortex.o(.text) for HAL_SYSTICK_Config
    stm32f4xx_hal.o(.text) refers to blinky.o(.text) for HAL_GetTick
    stm32f4xx_hal.o(.text) refers to stm32f4xx_hal.o(.data) for uwTick
    stm32f4xx_hal_pwr_ex.o(.text) refers to blinky.o(.text) for HAL_GetTick
    stm32f4xx_hal_rcc.o(.text) refers to blinky.o(.text) for HAL_GetTick
    stm32f4xx_hal_rcc.o(.text) refers to stm32f4xx_hal.o(.text) for HAL_InitTick
    stm32f4xx_hal_rcc.o(.text) refers to stm32f4xx_hal_gpio.o(.text) for HAL_GPIO_Init
    stm32f4xx_hal_rcc.o(.text) refers to stm32f4xx_hal_rcc.o(.constdata) for APBAHBPrescTable
    stm32f4xx_hal_rcc.o(.text) refers to system_stm32f4xx.o(.data) for SystemCoreClock
    stm32f4xx_hal_rcc_ex.o(.text) refers to blinky.o(.text) for HAL_GetTick
    rt_cmsis.o(i.isrMessageGet) refers to rt_mailbox.o(i.isr_mbx_receive) for isr_mbx_receive
    rt_cmsis.o(i.isrMessagePut) refers to rt_mailbox.o(i.rt_mbx_check) for rt_mbx_check
    rt_cmsis.o(i.isrMessagePut) refers to rt_mailbox.o(i.isr_mbx_send) for isr_mbx_send
    rt_cmsis.o(i.isrSemaphoreRelease) refers to rt_cmsis.o(i.rt_id2obj) for rt_id2obj
    rt_cmsis.o(i.isrSemaphoreRelease) refers to rt_semaphore.o(i.isr_sem_send) for isr_sem_send
    rt_cmsis.o(i.isrSignalSet) refers to rt_cmsis.o(i.rt_tid2ptcb) for rt_tid2ptcb
    rt_cmsis.o(i.isrSignalSet) refers to rt_event.o(i.isr_evt_set) for isr_evt_set
    rt_cmsis.o(i.osDelay) refers to rt_cmsis.o(i.svcDelay) for svcDelay
    rt_cmsis.o(i.osKernelInitialize) refers to rt_cmsis.o(i.svcKernelInitialize) for svcKernelInitialize
    rt_cmsis.o(i.osKernelRunning) refers to rt_cmsis.o(i.svcKernelRunning) for svcKernelRunning
    rt_cmsis.o(i.osKernelRunning) refers to rt_cmsis.o(.data) for .data
    rt_cmsis.o(i.osKernelStart) refers to rtx_conf_cm.o(.constdata) for os_flags
    rt_cmsis.o(i.osKernelStart) refers to rt_cmsis.o(i.svcKernelStart) for svcKernelStart
    rt_cmsis.o(i.osKernelSysTick) refers to rt_cmsis.o(i.svcKernelSysTick) for svcKernelSysTick
    rt_cmsis.o(i.osMailAlloc) refers to rt_cmsis.o(i.sysMailAlloc) for sysMailAlloc
    rt_cmsis.o(i.osMailCAlloc) refers to rt_cmsis.o(i.sysMailAlloc) for sysMailAlloc
    rt_cmsis.o(i.osMailCreate) refers to rt_cmsis.o(i.svcMailCreate) for svcMailCreate
    rt_cmsis.o(i.osMailCreate) refers to rt_cmsis.o(.data) for .data
    rt_cmsis.o(i.osMailFree) refers to rt_cmsis.o(i.sysMailFree) for sysMailFree
    rt_cmsis.o(i.osMailGet) refers to rt_cmsis.o(i.osMessageGet) for osMessageGet
    rt_cmsis.o(i.osMailPut) refers to rt_cmsis.o(i.osMessagePut) for osMessagePut
    rt_cmsis.o(i.osMessageCreate) refers to rt_cmsis.o(i.svcMessageCreate) for svcMessageCreate
    rt_cmsis.o(i.osMessageCreate) refers to rt_cmsis.o(.data) for .data
    rt_cmsis.o(i.osMessageGet) refers to rt_cmsis.o(i.isrMessageGet) for isrMessageGet
[...]
    rt_task.o(i.rt_sys_init) refers to rt_task.o(.data) for .data
    rt_task.o(i.rt_sys_start) refers to rt_system.o(i.os_tick_init) for os_tick_init
    rt_task.o(i.rt_sys_start) refers to rt_system.o(.data) for os_tick_irqn
    rt_task.o(i.rt_tsk_create) refers to rt_membox.o(i.rt_alloc_box) for rt_alloc_box
    rt_task.o(i.rt_tsk_create) refers to rt_task.o(i.rt_init_context) for rt_init_context
    rt_task.o(i.rt_tsk_create) refers to hal_cm.o(i.dbg_task_notify) for dbg_task_notify
    rt_task.o(i.rt_tsk_create) refers to rt_task.o(i.rt_dispatch) for rt_dispatch
    rt_task.o(i.rt_tsk_create) refers to rtx_conf_cm.o(.bss) for mp_tcb
    rt_task.o(i.rt_tsk_create) refers to rtx_conf_cm.o(.constdata) for os_maxtaskrun
    rt_task.o(i.rt_tsk_create) refers to hal_cm.o(.data) for dbg_msg
    rt_task.o(i.rt_tsk_delete) refers to hal_cm4.o(.emb_text) for rt_get_PSP
    rt_task.o(i.rt_tsk_delete) refers to rt_system.o(i.rt_stk_check) for rt_stk_check
    rt_task.o(i.rt_tsk_delete) refers to rt_list.o(i.rt_get_first) for rt_get_first
    rt_task.o(i.rt_tsk_delete) refers to hal_cm.o(i.rt_ret_val) for rt_ret_val
    rt_task.o(i.rt_tsk_delete) refers to rt_list.o(i.rt_rmv_dly) for rt_rmv_dly
    rt_task.o(i.rt_tsk_delete) refers to rt_list.o(i.rt_put_prio) for rt_put_prio
    rt_task.o(i.rt_tsk_delete) refers to rt_membox.o(i.rt_free_box) for rt_free_box
    rt_task.o(i.rt_tsk_delete) refers to hal_cm.o(i.dbg_task_notify) for dbg_task_notify
    rt_task.o(i.rt_tsk_delete) refers to rt_list.o(i.rt_rmv_list) for rt_rmv_list
    rt_task.o(i.rt_tsk_delete) refers to rt_task.o(i.rt_dispatch) for rt_dispatch
    rt_task.o(i.rt_tsk_delete) refers to hal_cm.o(.data) for dbg_msg
    rt_task.o(i.rt_tsk_delete) refers to rtx_conf_cm.o(.bss) for os_active_TCB
    rt_task.o(i.rt_tsk_delete) refers to rt_task.o(.data) for .data
    rt_task.o(i.rt_tsk_delete) refers to rt_list.o(.bss) for os_rdy
    rt_task.o(i.rt_tsk_delete) refers to rtx_conf_cm.o(.constdata) for os_maxtaskrun
    rt_task.o(i.rt_tsk_pass) refers to rt_list.o(i.rt_get_same_rdy_prio) for rt_get_same_rdy_prio
    rt_task.o(i.rt_tsk_pass) refers to rt_list.o(i.rt_put_prio) for rt_put_prio
    rt_task.o(i.rt_tsk_pass) refers to rt_task.o(i.rt_switch_req) for rt_switch_req
    rt_task.o(i.rt_tsk_pass) refers to rt_task.o(.data) for .data
    rt_task.o(i.rt_tsk_pass) refers to rt_list.o(.bss) for os_rdy
    rt_task.o(i.rt_tsk_prio) refers to rt_list.o(i.rt_put_prio) for rt_put_prio
    rt_task.o(i.rt_tsk_prio) refers to rt_list.o(i.rt_resort_prio) for rt_resort_prio
    rt_task.o(i.rt_tsk_prio) refers to rt_list.o(i.rt_get_first) for rt_get_first
    rt_task.o(i.rt_tsk_prio) refers to rt_task.o(i.rt_dispatch) for rt_dispatch
    rt_task.o(i.rt_tsk_prio) refers to rt_task.o(.data) for .data
    rt_task.o(i.rt_tsk_prio) refers to rtx_conf_cm.o(.constdata) for os_maxtaskrun
    rt_task.o(i.rt_tsk_prio) refers to rtx_conf_cm.o(.bss) for os_active_TCB
    rt_task.o(i.rt_tsk_prio) refers to rt_list.o(.bss) for os_rdy
    rt_task.o(i.rt_tsk_self) refers to rt_task.o(.data) for .data
    rt_system.o(i.os_tick_init) refers to rtx_conf_cm.o(.constdata) for os_trv
    rt_system.o(i.os_tick_val) refers to rtx_conf_cm.o(.constdata) for os_trv
    rt_system.o(i.rt_pop_req) refers to rt_list.o(i.rt_put_rdy_first) for rt_put_rdy_first
    rt_system.o(i.rt_pop_req) refers to rt_semaphore.o(i.rt_sem_psh) for rt_sem_psh
    rt_system.o(i.rt_pop_req) refers to rt_list.o(i.rt_get_first) for rt_get_first
    rt_system.o(i.rt_pop_req) refers to rt_task.o(i.rt_switch_req) for rt_switch_req
    rt_system.o(i.rt_pop_req) refers to rt_event.o(i.rt_evt_psh) for rt_evt_psh
    rt_system.o(i.rt_pop_req) refers to rt_mailbox.o(i.rt_mbx_psh) for rt_mbx_psh
    rt_system.o(i.rt_pop_req) refers to rt_task.o(.data) for os_tsk
    rt_system.o(i.rt_pop_req) refers to rtx_conf_cm.o(.bss) for os_fifo
    rt_system.o(i.rt_pop_req) refers to rt_list.o(.bss) for os_rdy
    rt_system.o(i.rt_psh_req) refers to rt_system.o(.data) for .data
    rt_system.o(i.rt_resume) refers to rt_list.o(i.rt_put_rdy_first) for rt_put_rdy_first
    rt_system.o(i.rt_resume) refers to rt_list.o(i.rt_dec_dly) for rt_dec_dly
    rt_system.o(i.rt_resume) refers to rt_cmsis.o(i.sysUserTimerUpdate) for sysUserTimerUpdate
    rt_system.o(i.rt_resume) refers to rt_list.o(i.rt_get_first) for rt_get_first
    rt_system.o(i.rt_resume) refers to rt_task.o(i.rt_switch_req) for rt_switch_req
    rt_system.o(i.rt_resume) refers to rt_system.o(i.rt_tsk_unlock) for rt_tsk_unlock
    rt_system.o(i.rt_resume) refers to rt_task.o(.data) for os_tsk
    rt_system.o(i.rt_resume) refers to rt_robin.o(.data) for os_robin
    rt_system.o(i.rt_resume) refers to rt_list.o(.bss) for os_dly
    rt_system.o(i.rt_resume) refers to rt_time.o(.data) for os_time
    rt_system.o(i.rt_stk_check) refers to rtx_conf_cm.o(.text) for os_error
    rt_system.o(i.rt_stk_check) refers to rt_task.o(.data) for os_tsk
    rt_system.o(i.rt_suspend) refers to rt_system.o(i.rt_tsk_lock) for rt_tsk_lock
    rt_system.o(i.rt_suspend) refers to rt_cmsis.o(i.sysUserTimerWakeupTime) for sysUserTimerWakeupTime
    rt_system.o(i.rt_suspend) refers to rt_list.o(.bss) for os_dly
    rt_system.o(i.rt_systick) refers to rt_list.o(i.rt_put_rdy_first) for rt_put_rdy_first
    rt_system.o(i.rt_systick) refers to rt_robin.o(i.rt_chk_robin) for rt_chk_robin
    rt_system.o(i.rt_systick) refers to rt_list.o(i.rt_dec_dly) for rt_dec_dly
    rt_system.o(i.rt_systick) refers to rt_cmsis.o(i.sysTimerTick) for sysTimerTick
    rt_system.o(i.rt_systick) refers to rt_list.o(i.rt_get_first) for rt_get_first
    rt_system.o(i.rt_systick) refers to rt_task.o(i.rt_switch_req) for rt_switch_req
    rt_system.o(i.rt_systick) refers to rt_task.o(.data) for os_tsk
    rt_system.o(i.rt_systick) refers to rt_time.o(.data) for os_time
    rt_system.o(i.rt_systick) refers to rt_list.o(.bss) for os_rdy
    rt_system.o(i.rt_tsk_lock) refers to rt_system.o(.data) for .data
    rt_system.o(i.rt_tsk_unlock) refers to rt_system.o(.data) for .data
    rt_event.o(i.isr_evt_set) refers to rt_list.o(i.rt_psq_enq) for rt_psq_enq
    rt_event.o(i.isr_evt_set) refers to rt_system.o(i.rt_psh_req) for rt_psh_req
    rt_event.o(i.isr_evt_set) refers to rtx_conf_cm.o(.bss) for os_active_TCB
    rt_event.o(i.rt_evt_clr) refers to rtx_conf_cm.o(.bss) for os_active_TCB
    rt_event.o(i.rt_evt_get) refers to rt_task.o(.data) for os_tsk
    rt_event.o(i.rt_evt_psh) refers to rt_list.o(i.rt_rmv_dly) for rt_rmv_dly
    rt_event.o(i.rt_evt_psh) refers to hal_cm.o(i.rt_ret_val2) for rt_ret_val2
    rt_event.o(i.rt_evt_psh) refers to rt_list.o(i.rt_put_prio) for rt_put_prio
    rt_event.o(i.rt_evt_psh) refers to rt_list.o(.bss) for os_rdy
    rt_event.o(i.rt_evt_set) refers to rt_list.o(i.rt_rmv_dly) for rt_rmv_dly
    rt_event.o(i.rt_evt_set) refers to hal_cm.o(i.rt_ret_val2) for rt_ret_val2
    rt_event.o(i.rt_evt_set) refers to rt_task.o(i.rt_dispatch) for rt_dispatch
    rt_event.o(i.rt_evt_set) refers to rtx_conf_cm.o(.bss) for os_active_TCB
    rt_event.o(i.rt_evt_wait) refers to rt_task.o(i.rt_block) for rt_block
    rt_event.o(i.rt_evt_wait) refers to rt_task.o(.data) for os_tsk
    rt_list.o(i.rt_dec_dly) refers to rt_list.o(i.rt_put_prio) for rt_put_prio
    rt_list.o(i.rt_dec_dly) refers to rt_list.o(.bss) for .bss
    rt_list.o(i.rt_dec_dly) refers to rt_time.o(.data) for os_time
    rt_list.o(i.rt_get_same_rdy_prio) refers to rt_list.o(.bss) for .bss
    rt_list.o(i.rt_get_same_rdy_prio) refers to rt_task.o(.data) for os_tsk
    rt_list.o(i.rt_psq_enq) refers to rtx_conf_cm.o(.text) for os_error
    rt_list.o(i.rt_psq_enq) refers to rtx_conf_cm.o(.bss) for os_fifo
    rt_list.o(i.rt_put_dly) refers to rt_list.o(.bss) for .bss
    rt_list.o(i.rt_put_rdy_first) refers to rt_list.o(.bss) for .bss
    rt_list.o(i.rt_resort_prio) refers to rt_list.o(i.rt_rmv_list) for rt_rmv_list
    rt_list.o(i.rt_resort_prio) refers to rt_list.o(i.rt_put_prio) for rt_put_prio
    rt_list.o(i.rt_resort_prio) refers to rt_list.o(.bss) for .bss
    rt_list.o(i.rt_rmv_list) refers to rt_list.o(.bss) for .bss
    rt_mailbox.o(i.isr_mbx_receive) refers to rt_list.o(i.rt_psq_enq) for rt_psq_enq
    rt_mailbox.o(i.isr_mbx_receive) refers to rt_system.o(i.rt_psh_req) for rt_psh_req
    rt_mailbox.o(i.isr_mbx_send) refers to rt_list.o(i.rt_psq_enq) for rt_psq_enq
    rt_mailbox.o(i.isr_mbx_send) refers to rt_system.o(i.rt_psh_req) for rt_psh_req
    rt_mailbox.o(i.rt_mbx_psh) refers to rt_membox.o(i.rt_alloc_box) for rt_alloc_box
    rt_mailbox.o(i.rt_mbx_psh) refers to rt_list.o(i.rt_get_first) for rt_get_first
    rt_mailbox.o(i.rt_mbx_psh) refers to hal_cm.o(i.rt_ret_val) for rt_ret_val
    rt_mailbox.o(i.rt_mbx_psh) refers to rt_list.o(i.rt_rmv_dly) for rt_rmv_dly
    rt_mailbox.o(i.rt_mbx_psh) refers to rt_list.o(i.rt_put_prio) for rt_put_prio
    rt_mailbox.o(i.rt_mbx_psh) refers to hal_cm.o(i.rt_ret_val2) for rt_ret_val2
    rt_mailbox.o(i.rt_mbx_psh) refers to rtx_conf_cm.o(.text) for os_error
    rt_mailbox.o(i.rt_mbx_psh) refers to rt_list.o(.bss) for os_rdy
    rt_mailbox.o(i.rt_mbx_send) refers to rt_list.o(i.rt_put_prio) for rt_put_prio
    rt_mailbox.o(i.rt_mbx_send) refers to rt_list.o(i.rt_get_first) for rt_get_first
    rt_mailbox.o(i.rt_mbx_send) refers to hal_cm.o(i.rt_ret_val2) for rt_ret_val2
    rt_mailbox.o(i.rt_mbx_send) refers to rt_list.o(i.rt_rmv_dly) for rt_rmv_dly
    rt_mailbox.o(i.rt_mbx_send) refers to rt_task.o(i.rt_dispatch) for rt_dispatch
    rt_mailbox.o(i.rt_mbx_send) refers to rt_task.o(i.rt_block) for rt_block
    rt_mailbox.o(i.rt_mbx_send) refers to rt_task.o(.data) for os_tsk
    rt_mailbox.o(i.rt_mbx_wait) refers to rt_list.o(i.rt_get_first) for rt_get_first
    rt_mailbox.o(i.rt_mbx_wait) refers to hal_cm.o(i.rt_ret_val) for rt_ret_val
    rt_mailbox.o(i.rt_mbx_wait) refers to rt_list.o(i.rt_rmv_dly) for rt_rmv_dly
    rt_mailbox.o(i.rt_mbx_wait) refers to rt_task.o(i.rt_dispatch) for rt_dispatch
    rt_mailbox.o(i.rt_mbx_wait) refers to rt_list.o(i.rt_put_prio) for rt_put_prio
    rt_mailbox.o(i.rt_mbx_wait) refers to rt_task.o(i.rt_block) for rt_block
    rt_mailbox.o(i.rt_mbx_wait) refers to rt_task.o(.data) for os_tsk
    rt_semaphore.o(i.isr_sem_send) refers to rt_list.o(i.rt_psq_enq) for rt_psq_enq
    rt_semaphore.o(i.isr_sem_send) refers to rt_system.o(i.rt_psh_req) for rt_psh_req
    rt_semaphore.o(i.rt_sem_delete) refers to rt_list.o(i.rt_get_first) for rt_get_first
    rt_semaphore.o(i.rt_sem_delete) refers to hal_cm.o(i.rt_ret_val) for rt_ret_val
    rt_semaphore.o(i.rt_sem_delete) refers to rt_list.o(i.rt_rmv_dly) for rt_rmv_dly
    rt_semaphore.o(i.rt_sem_delete) refers to rt_list.o(i.rt_put_prio) for rt_put_prio
    rt_semaphore.o(i.rt_sem_delete) refers to rt_task.o(i.rt_dispatch) for rt_dispatch
    rt_semaphore.o(i.rt_sem_delete) refers to rt_list.o(.bss) for os_rdy
    rt_semaphore.o(i.rt_sem_delete) refers to rt_task.o(.data) for os_tsk
    rt_semaphore.o(i.rt_sem_psh) refers to rt_list.o(i.rt_get_first) for rt_get_first
    rt_semaphore.o(i.rt_sem_psh) refers to rt_list.o(i.rt_rmv_dly) for rt_rmv_dly
    rt_semaphore.o(i.rt_sem_psh) refers to hal_cm.o(i.rt_ret_val) for rt_ret_val
    rt_semaphore.o(i.rt_sem_psh) refers to rt_list.o(i.rt_put_prio) for rt_put_prio
    rt_semaphore.o(i.rt_sem_psh) refers to rt_list.o(.bss) for os_rdy
    rt_semaphore.o(i.rt_sem_send) refers to rt_list.o(i.rt_get_first) for rt_get_first
    rt_semaphore.o(i.rt_sem_send) refers to hal_cm.o(i.rt_ret_val) for rt_ret_val
    rt_semaphore.o(i.rt_sem_send) refers to rt_list.o(i.rt_rmv_dly) for rt_rmv_dly
    rt_semaphore.o(i.rt_sem_send) refers to rt_task.o(i.rt_dispatch) for rt_dispatch
    rt_semaphore.o(i.rt_sem_wait) refers to rt_list.o(i.rt_put_prio) for rt_put_prio
    rt_semaphore.o(i.rt_sem_wait) refers to rt_task.o(i.rt_block) for rt_block
    rt_semaphore.o(i.rt_sem_wait) refers to rt_task.o(.data) for os_tsk
    rt_mutex.o(i.rt_mut_delete) refers to rt_list.o(i.rt_resort_prio) for rt_resort_prio
    rt_mutex.o(i.rt_mut_delete) refers to rt_list.o(i.rt_get_first) for rt_get_first
    rt_mutex.o(i.rt_mut_delete) refers to hal_cm.o(i.rt_ret_val) for rt_ret_val
    rt_mutex.o(i.rt_mut_delete) refers to rt_list.o(i.rt_rmv_dly) for rt_rmv_dly
    rt_mutex.o(i.rt_mut_delete) refers to rt_list.o(i.rt_put_prio) for rt_put_prio
    rt_mutex.o(i.rt_mut_delete) refers to rt_task.o(i.rt_dispatch) for rt_dispatch
    rt_mutex.o(i.rt_mut_delete) refers to rt_task.o(.data) for os_tsk
    rt_mutex.o(i.rt_mut_delete) refers to rt_list.o(.bss) for os_rdy
    rt_mutex.o(i.rt_mut_release) refers to rt_list.o(i.rt_get_first) for rt_get_first
    rt_mutex.o(i.rt_mut_release) refers to hal_cm.o(i.rt_ret_val) for rt_ret_val
    rt_mutex.o(i.rt_mut_release) refers to rt_list.o(i.rt_rmv_dly) for rt_rmv_dly
    rt_mutex.o(i.rt_mut_release) refers to rt_list.o(i.rt_put_prio) for rt_put_prio
    rt_mutex.o(i.rt_mut_release) refers to rt_task.o(i.rt_dispatch) for rt_dispatch
    rt_mutex.o(i.rt_mut_release) refers to rt_task.o(.data) for os_tsk
    rt_mutex.o(i.rt_mut_release) refers to rt_list.o(.bss) for os_rdy
    rt_mutex.o(i.rt_mut_wait) refers to rt_list.o(i.rt_resort_prio) for rt_resort_prio
    rt_mutex.o(i.rt_mut_wait) refers to rt_list.o(i.rt_put_prio) for rt_put_prio
    rt_mutex.o(i.rt_mut_wait) refers to rt_task.o(i.rt_block) for rt_block
    rt_mutex.o(i.rt_mut_wait) refers to rt_task.o(.data) for os_tsk
    rt_membox.o(i._calloc_box) refers to hal_cm4.o(.emb_text) for _alloc_box
    hal_cm.o(i.dbg_init) refers to hal_cm.o(.data) for .data
    hal_cm.o(i.rt_init_stack) refers to rtx_conf_cm.o(.constdata) for os_stackinfo
    hal_cm.o(i.rt_ret_val) refers to hal_cm.o(i.rt_ret_regs) for rt_ret_regs
    hal_cm.o(i.rt_ret_val2) refers to hal_cm.o(i.rt_ret_regs) for rt_ret_regs
    rt_robin.o(i.rt_chk_robin) refers to rt_list.o(i.rt_get_first) for rt_get_first
    rt_robin.o(i.rt_chk_robin) refers to rt_list.o(i.rt_put_prio) for rt_put_prio
    rt_robin.o(i.rt_chk_robin) refers to rt_robin.o(.data) for .data
    rt_robin.o(i.rt_chk_robin) refers to rt_list.o(.bss) for os_rdy
    rt_robin.o(i.rt_chk_robin) refers to rt_time.o(.data) for os_time
    rt_robin.o(i.rt_init_robin) refers to rt_robin.o(.data) for .data
    rt_robin.o(i.rt_init_robin) refers to rtx_conf_cm.o(.constdata) for os_rrobin
    hal_cm4.o(.emb_text) refers to rtx_conf_cm.o(.constdata) for os_flags
    hal_cm4.o(.emb_text) refers to rt_membox.o(i.rt_alloc_box) for rt_alloc_box
    hal_cm4.o(.emb_text) refers to rt_membox.o(i.rt_free_box) for rt_free_box
    hal_cm4.o(.emb_text) refers to rt_system.o(i.rt_stk_check) for rt_stk_check
    hal_cm4.o(.emb_text) refers to rt_task.o(.data) for os_tsk
    hal_cm4.o(.emb_text) refers to svc_table.o(SVC_TABLE) for SVC_Count
    hal_cm4.o(.emb_text) refers to rt_system.o(i.rt_pop_req) for rt_pop_req
    hal_cm4.o(.emb_text) refers to rt_system.o(i.rt_systick) for rt_systick
    hal_cm4.o(.emb_text) refers to rt_system.o(i.os_tick_irqack) for os_tick_irqack
    entry.o(.ARM.Collect$$$$00000000) refers (Special) to entry10a.o(.ARM.Collect$$$$0000000D) for __rt_final_cpp
    entry.o(.ARM.Collect$$$$00000000) refers (Special) to entry11a.o(.ARM.Collect$$$$0000000F) for __rt_final_exit
    entry.o(.ARM.Collect$$$$00000000) refers (Special) to entry7b.o(.ARM.Collect$$$$00000008) for _main_clock
    entry.o(.ARM.Collect$$$$00000000) refers (Special) to entry8b.o(.ARM.Collect$$$$0000000A) for _main_cpp_init
    entry.o(.ARM.Collect$$$$00000000) refers (Special) to rtx_conf_cm.o(.ARM.Collect$$$$000000FF) for _main_init
    entry.o(.ARM.Collect$$$$00000000) refers (Special) to entry5.o(.ARM.Collect$$$$00000004) for _main_scatterload
    entry.o(.ARM.Collect$$$$00000000) refers (Special) to entry2.o(.ARM.Collect$$$$00000001) for _main_stk
    uldiv.o(.text) refers to llushr.o(.text) for __aeabi_llsr
    uldiv.o(.text) refers to llshl.o(.text) for __aeabi_llsl
    entry2.o(.ARM.Collect$$$$00000001) refers to entry2.o(.ARM.Collect$$$$00002712) for __lit__00000000
    entry2.o(.ARM.Collect$$$$00002712) refers to startup_stm32f407xx.o(STACK) for __initial_sp
    entry2.o(__vectab_stack_and_reset_area) refers to startup_stm32f407xx.o(STACK) for __initial_sp
    entry2.o(__vectab_stack_and_reset_area) refers to entry.o(.ARM.Collect$$$$00000000) for __main
    entry5.o(.ARM.Collect$$$$00000004) refers to init.o(.text) for __scatterload
    init.o(.text) refers to entry5.o(.ARM.Collect$$$$00000004) for __main_after_scatterload


==============================================================================

Removing Unused input sections from the image.

    Removing blinky.o(.rev16_text), (4 bytes).
    Removing blinky.o(.revsh_text), (4 bytes).
    Removing blinky.o(.rrx_text), (6 bytes).
    Removing buttons_f4discovery.o(.rev16_text), (4 bytes).
    Removing buttons_f4discovery.o(.revsh_text), (4 bytes).
    Removing buttons_f4discovery.o(.rrx_text), (6 bytes).
    Removing led_f4discovery.o(.rev16_text), (4 bytes).
    Removing led_f4discovery.o(.revsh_text), (4 bytes).
    Removing led_f4discovery.o(.rrx_text), (6 bytes).
    Removing startup_stm32f407xx.o(HEAP), (512 bytes).
    Removing system_stm32f4xx.o(.rev16_text), (4 bytes).
    Removing system_stm32f4xx.o(.revsh_text), (4 bytes).
    Removing system_stm32f4xx.o(.rrx_text), (6 bytes).
    Removing stm32f4xx_hal.o(.rev16_text), (4 bytes).
    Removing stm32f4xx_hal.o(.revsh_text), (4 bytes).
    Removing stm32f4xx_hal.o(.rrx_text), (6 bytes).
    Removing stm32f4xx_hal_cortex.o(.rev16_text), (4 bytes).
    Removing stm32f4xx_hal_cortex.o(.revsh_text), (4 bytes).
    Removing stm32f4xx_hal_cortex.o(.rrx_text), (6 bytes).
    Removing stm32f4xx_hal_gpio.o(.rev16_text), (4 bytes).
    Removing stm32f4xx_hal_gpio.o(.revsh_text), (4 bytes).
    Removing stm32f4xx_hal_gpio.o(.rrx_text), (6 bytes).
    Removing stm32f4xx_hal_pwr.o(.rev16_text), (4 bytes).
    Removing stm32f4xx_hal_pwr.o(.revsh_text), (4 bytes).
    Removing stm32f4xx_hal_pwr.o(.rrx_text), (6 bytes).
    Removing stm32f4xx_hal_pwr.o(.text), (524 bytes).
    Removing stm32f4xx_hal_pwr_ex.o(.rev16_text), (4 bytes).
    Removing stm32f4xx_hal_pwr_ex.o(.revsh_text), (4 bytes).
    Removing stm32f4xx_hal_pwr_ex.o(.rrx_text), (6 bytes).
    Removing stm32f4xx_hal_pwr_ex.o(.text), (304 bytes).
    Removing stm32f4xx_hal_rcc.o(.rev16_text), (4 bytes).
    Removing stm32f4xx_hal_rcc.o(.revsh_text), (4 bytes).
    Removing stm32f4xx_hal_rcc.o(.rrx_text), (6 bytes).
    Removing stm32f4xx_hal_rcc_ex.o(.rev16_text), (4 bytes).
    Removing stm32f4xx_hal_rcc_ex.o(.revsh_text), (4 bytes).
    Removing stm32f4xx_hal_rcc_ex.o(.rrx_text), (6 bytes).
    Removing stm32f4xx_hal_rcc_ex.o(.text), (504 bytes).
    Removing rt_cmsis.o(.rev16_text), (4 bytes).
    Removing rt_cmsis.o(.revsh_text), (4 bytes).
    Removing rt_cmsis.o(.rrx_text), (6 bytes).
    Removing rt_cmsis.o(i.isrSemaphoreRelease), (40 bytes).
    Removing rt_cmsis.o(i.isrSignalSet), (36 bytes).
    Removing rt_cmsis.o(i.osKernelRunning), (36 bytes).
    Removing rt_cmsis.o(i.osKernelSysTick), (24 bytes).
    Removing rt_cmsis.o(i.osMailAlloc), (32 bytes).
    Removing rt_cmsis.o(i.osMailCAlloc), (32 bytes).
    Removing rt_cmsis.o(i.osMailCreate), (48 bytes).
    Removing rt_cmsis.o(i.osMailFree), (28 bytes).
    Removing rt_cmsis.o(i.osMailGet), (22 bytes).
    Removing rt_cmsis.o(i.osMailPut), (20 bytes).
    Removing rt_cmsis.o(i.osMessageCreate), (48 bytes).
    Removing rt_cmsis.o(i.osMessagePut), (24 bytes).
    Removing rt_cmsis.o(i.osMutexCreate), (48 bytes).
    Removing rt_cmsis.o(i.osMutexDelete), (24 bytes).
    Removing rt_cmsis.o(i.osMutexRelease), (24 bytes).
    Removing rt_cmsis.o(i.osMutexWait), (24 bytes).
    Removing rt_cmsis.o(i.osPoolAlloc), (36 bytes).
    Removing rt_cmsis.o(i.osPoolCAlloc), (36 bytes).
    Removing rt_cmsis.o(i.osPoolCreate), (48 bytes).
    Removing rt_cmsis.o(i.osPoolFree), (32 bytes).
    Removing rt_cmsis.o(i.osSemaphoreCreate), (48 bytes).
    Removing rt_cmsis.o(i.osSemaphoreDelete), (24 bytes).
    Removing rt_cmsis.o(i.osSemaphoreRelease), (24 bytes).
    Removing rt_cmsis.o(i.osSemaphoreWait), (24 bytes).
    Removing rt_cmsis.o(i.osSignalClear), (24 bytes).
    Removing rt_cmsis.o(i.osSignalSet), (24 bytes).
    Removing rt_cmsis.o(i.osSignalWait), (24 bytes).
    Removing rt_cmsis.o(i.osThreadGetId), (24 bytes).
    Removing rt_cmsis.o(i.osThreadGetPriority), (24 bytes).
    Removing rt_cmsis.o(i.osThreadSetPriority), (24 bytes).
    Removing rt_cmsis.o(i.osThreadTerminate), (24 bytes).
    Removing rt_cmsis.o(i.osThreadYield), (24 bytes).
    Removing rt_cmsis.o(i.osTimerCreate), (52 bytes).
    Removing rt_cmsis.o(i.osTimerDelete), (24 bytes).
    Removing rt_cmsis.o(i.osTimerStart), (24 bytes).
    Removing rt_cmsis.o(i.osTimerStop), (24 bytes).
    Removing rt_cmsis.o(i.osWait), (4 bytes).
    Removing rt_cmsis.o(i.os_resume), (12 bytes).
    Removing rt_cmsis.o(i.os_suspend), (12 bytes).
    Removing rt_cmsis.o(i.rt_clr_box), (20 bytes).
    Removing rt_cmsis.o(i.rt_timer_remove), (60 bytes).
    Removing rt_cmsis.o(i.svcKernelRunning), (12 bytes).
    Removing rt_cmsis.o(i.svcKernelSysTick), (56 bytes).
    Removing rt_cmsis.o(i.svcMailCreate), (66 bytes).
    Removing rt_cmsis.o(i.svcMessagePut), (54 bytes).
    Removing rt_cmsis.o(i.svcMutexCreate), (28 bytes).
    Removing rt_cmsis.o(i.svcMutexDelete), (26 bytes).
    Removing rt_cmsis.o(i.svcMutexRelease), (34 bytes).
    Removing rt_cmsis.o(i.svcMutexWait), (54 bytes).
    Removing rt_cmsis.o(i.svcPoolCreate), (40 bytes).
    Removing rt_cmsis.o(i.svcSemaphoreCreate), (36 bytes).
    Removing rt_cmsis.o(i.svcSemaphoreDelete), (26 bytes).
    Removing rt_cmsis.o(i.svcSemaphoreRelease), (40 bytes).
    Removing rt_cmsis.o(i.svcSemaphoreWait), (50 bytes).
    Removing rt_cmsis.o(i.svcSignalClear), (36 bytes).
    Removing rt_cmsis.o(i.svcSignalSet), (36 bytes).
    Removing rt_cmsis.o(i.svcSignalWait), (84 bytes).
    Removing rt_cmsis.o(i.svcThreadGetPriority), (18 bytes).
    Removing rt_cmsis.o(i.svcThreadSetPriority), (46 bytes).
    Removing rt_cmsis.o(i.svcThreadYield), (10 bytes).
    Removing rt_cmsis.o(i.svcTimerCreate), (56 bytes).
    Removing rt_cmsis.o(i.svcTimerDelete), (40 bytes).
    Removing rt_cmsis.o(i.svcTimerStart), (100 bytes).
    Removing rt_cmsis.o(i.svcTimerStop), (36 bytes).
    Removing rt_cmsis.o(i.sysMailAlloc), (112 bytes).
    Removing rt_cmsis.o(i.sysMailFree), (96 bytes).
    Removing rt_cmsis.o(i.sysPoolAlloc), (32 bytes).
    Removing rt_cmsis.o(i.sysPoolFree), (20 bytes).
    Removing rt_cmsis.o(i.sysUserTimerUpdate), (48 bytes).
    Removing rt_cmsis.o(i.sysUserTimerWakeupTime), (20 bytes).
    Removing rt_time.o(i.rt_itv_set), (24 bytes).
    Removing rt_time.o(i.rt_itv_wait), (40 bytes).
    Removing rt_time.o(i.rt_time_get), (12 bytes).
    Removing rt_task.o(i.rt_tsk_pass), (48 bytes).
    Removing rt_system.o(.emb_text), (0 bytes).
    Removing rt_system.o(i.os_tick_ovf), (16 bytes).
    Removing rt_system.o(i.os_tick_val), (20 bytes).
    Removing rt_system.o(i.rt_resume), (136 bytes).
    Removing rt_system.o(i.rt_suspend), (36 bytes).
    Removing rt_system.o(i.rt_tsk_lock), (80 bytes).
    Removing rt_system.o(i.rt_tsk_unlock), (80 bytes).
    Removing rt_event.o(i.isr_evt_set), (40 bytes).
    Removing rt_event.o(i.rt_evt_clr), (28 bytes).
    Removing rt_event.o(i.rt_evt_get), (12 bytes).
    Removing rt_event.o(i.rt_evt_set), (92 bytes).
    Removing rt_event.o(i.rt_evt_wait), (60 bytes).
    Removing rt_list.o(i.rt_get_same_rdy_prio), (36 bytes).
    Removing rt_mailbox.o(i.rt_mbx_send), (152 bytes).
    Removing rt_semaphore.o(i.isr_sem_send), (16 bytes).
    Removing rt_semaphore.o(i.rt_sem_delete), (92 bytes).
    Removing rt_semaphore.o(i.rt_sem_init), (12 bytes).
    Removing rt_semaphore.o(i.rt_sem_send), (42 bytes).
    Removing rt_semaphore.o(i.rt_sem_wait), (64 bytes).
    Removing rt_mutex.o(i.rt_mut_delete), (176 bytes).
    Removing rt_mutex.o(i.rt_mut_init), (16 bytes).
    Removing rt_mutex.o(i.rt_mut_release), (216 bytes).
    Removing rt_mutex.o(i.rt_mut_wait), (104 bytes).
    Removing rt_membox.o(i._calloc_box), (30 bytes).

138 unused section(s) (total 6210 bytes) removed from the image.

==============================================================================

Image Symbol Table

    Local Symbols

    Symbol Name                              Value     Ov Type        Size  Object(Section)

    ../clib/microlib/division.c              0x00000000   Number         0  uldiv.o ABSOLUTE
    ../clib/microlib/init/entry.s            0x00000000   Number         0  entry7b.o ABSOLUTE
    ../clib/microlib/init/entry.s            0x00000000   Number         0  entry8b.o ABSOLUTE
    ../clib/microlib/init/entry.s            0x00000000   Number         0  entry10a.o ABSOLUTE
    ../clib/microlib/init/entry.s            0x00000000   Number         0  entry7a.o ABSOLUTE
    ../clib/microlib/init/entry.s            0x00000000   Number         0  entry10b.o ABSOLUTE
    ../clib/microlib/init/entry.s            0x00000000   Number         0  entry11a.o ABSOLUTE
    ../clib/microlib/init/entry.s            0x00000000   Number         0  entry11b.o ABSOLUTE
    ../clib/microlib/init/entry.s            0x00000000   Number         0  entry5.o ABSOLUTE
    ../clib/microlib/init/entry.s            0x00000000   Number         0  entry2.o ABSOLUTE
    ../clib/microlib/init/entry.s            0x00000000   Number         0  entry.o ABSOLUTE
    ../clib/microlib/init/entry.s            0x00000000   Number         0  entry8a.o ABSOLUTE
    ../clib/microlib/longlong.c              0x00000000   Number         0  llshl.o ABSOLUTE
    ../clib/microlib/longlong.c              0x00000000   Number         0  llushr.o ABSOLUTE
    ..\HAL_CM.c                              0x00000000   Number         0  hal_cm.o ABSOLUTE
    ..\\rt_CMSIS.c                           0x00000000   Number         0  rt_cmsis.o ABSOLUTE
    ..\\rt_System.c                          0x00000000   Number         0  rt_system.o ABSOLUTE
    ..\rt_CMSIS.c                            0x00000000   Number         0  rt_cmsis.o ABSOLUTE
    ..\rt_Event.c                            0x00000000   Number         0  rt_event.o ABSOLUTE
    ..\rt_List.c                             0x00000000   Number         0  rt_list.o ABSOLUTE
    ..\rt_Mailbox.c                          0x00000000   Number         0  rt_mailbox.o ABSOLUTE
    ..\rt_MemBox.c                           0x00000000   Number         0  rt_membox.o ABSOLUTE
    ..\rt_Memory.c                           0x00000000   Number         0  rt_memory.o ABSOLUTE
    ..\rt_Mutex.c                            0x00000000   Number         0  rt_mutex.o ABSOLUTE
    ..\rt_Robin.c                            0x00000000   Number         0  rt_robin.o ABSOLUTE
    ..\rt_Semaphore.c                        0x00000000   Number         0  rt_semaphore.o ABSOLUTE
    ..\rt_System.c                           0x00000000   Number         0  rt_system.o ABSOLUTE
    ..\rt_Task.c                             0x00000000   Number         0  rt_task.o ABSOLUTE
    ..\rt_Time.c                             0x00000000   Number         0  rt_time.o ABSOLUTE
    Blinky.c                                 0x00000000   Number         0  blinky.o ABSOLUTE
    Blinky.c                                 0x00000000   Number         0  blinky.o ABSOLUTE
    F:\ARM\Keil_v5\ARM\PACK\Keil\STM32F4xx_DFP\2.5.0\Drivers\STM32F4xx_HAL_Driver\Src\stm32f4xx_hal.c 0x00000000   Number         0  stm32f4xx_hal.o ABSOLUTE
    F:\ARM\Keil_v5\ARM\PACK\Keil\STM32F4xx_DFP\2.5.0\Drivers\STM32F4xx_HAL_Driver\Src\stm32f4xx_hal_cortex.c 0x00000000   Number         0  stm32f4xx_hal_cortex.o ABSOLUTE
    F:\ARM\Keil_v5\ARM\PACK\Keil\STM32F4xx_DFP\2.5.0\Drivers\STM32F4xx_HAL_Driver\Src\stm32f4xx_hal_gpio.c 0x00000000   Number         0  stm32f4xx_hal_gpio.o ABSOLUTE
    F:\ARM\Keil_v5\ARM\PACK\Keil\STM32F4xx_DFP\2.5.0\Drivers\STM32F4xx_HAL_Driver\Src\stm32f4xx_hal_pwr.c 0x00000000   Number         0  stm32f4xx_hal_pwr.o ABSOLUTE
    F:\ARM\Keil_v5\ARM\PACK\Keil\STM32F4xx_DFP\2.5.0\Drivers\STM32F4xx_HAL_Driver\Src\stm32f4xx_hal_pwr_ex.c 0x00000000   Number         0  stm32f4xx_hal_pwr_ex.o ABSOLUTE
    F:\ARM\Keil_v5\ARM\PACK\Keil\STM32F4xx_DFP\2.5.0\Drivers\STM32F4xx_HAL_Driver\Src\stm32f4xx_hal_rcc.c 0x00000000   Number         0  stm32f4xx_hal_rcc.o ABSOLUTE
    F:\ARM\Keil_v5\ARM\PACK\Keil\STM32F4xx_DFP\2.5.0\Drivers\STM32F4xx_HAL_Driver\Src\stm32f4xx_hal_rcc_ex.c 0x00000000   Number         0  stm32f4xx_hal_rcc_ex.o ABSOLUTE
    F:\ARM\Keil_v5\ARM\PACK\Keil\STM32F4xx_DFP\2.5.0\MDK\Boards\ST\STM32F4-Discovery\Common\Buttons_F4Discovery.c 0x00000000   Number         0  buttons_f4discovery.o ABSOLUTE
    F:\ARM\Keil_v5\ARM\PACK\Keil\STM32F4xx_DFP\2.5.0\MDK\Boards\ST\STM32F4-Discovery\Common\LED_F4Discovery.c 0x00000000   Number         0  led_f4discovery.o ABSOLUTE
    F:\\ARM\\Keil_v5\\ARM\\PACK\\Keil\\STM32F4xx_DFP\\2.5.0\\Drivers\\STM32F4xx_HAL_Driver\\Src\\stm32f4xx_hal.c 0x00000000   Number         0  stm32f4xx_hal.o ABSOLUTE
    F:\\ARM\\Keil_v5\\ARM\\PACK\\Keil\\STM32F4xx_DFP\\2.5.0\\Drivers\\STM32F4xx_HAL_Driver\\Src\\stm32f4xx_hal_cortex.c 0x00000000   Number         0  stm32f4xx_hal_cortex.o ABSOLUTE
    F:\\ARM\\Keil_v5\\ARM\\PACK\\Keil\\STM32F4xx_DFP\\2.5.0\\Drivers\\STM32F4xx_HAL_Driver\\Src\\stm32f4xx_hal_gpio.c 0x00000000   Number         0  stm32f4xx_hal_gpio.o ABSOLUTE
    F:\\ARM\\Keil_v5\\ARM\\PACK\\Keil\\STM32F4xx_DFP\\2.5.0\\Drivers\\STM32F4xx_HAL_Driver\\Src\\stm32f4xx_hal_pwr.c 0x00000000   Number         0  stm32f4xx_hal_pwr.o ABSOLUTE
    F:\\ARM\\Keil_v5\\ARM\\PACK\\Keil\\STM32F4xx_DFP\\2.5.0\\Drivers\\STM32F4xx_HAL_Driver\\Src\\stm32f4xx_hal_pwr_ex.c 0x00000000   Number         0  stm32f4xx_hal_pwr_ex.o ABSOLUTE
    F:\\ARM\\Keil_v5\\ARM\\PACK\\Keil\\STM32F4xx_DFP\\2.5.0\\Drivers\\STM32F4xx_HAL_Driver\\Src\\stm32f4xx_hal_rcc.c 0x00000000   Number         0  stm32f4xx_hal_rcc.o ABSOLUTE
    F:\\ARM\\Keil_v5\\ARM\\PACK\\Keil\\STM32F4xx_DFP\\2.5.0\\Drivers\\STM32F4xx_HAL_Driver\\Src\\stm32f4xx_hal_rcc_ex.c 0x00000000   Number         0  stm32f4xx_hal_rcc_ex.o ABSOLUTE
    F:\\ARM\\Keil_v5\\ARM\\PACK\\Keil\\STM32F4xx_DFP\\2.5.0\\MDK\\Boards\\ST\\STM32F4-Discovery\\Common\\Buttons_F4Discovery.c 0x00000000   Number         0  buttons_f4discovery.o ABSOLUTE
    F:\\ARM\\Keil_v5\\ARM\\PACK\\Keil\\STM32F4xx_DFP\\2.5.0\\MDK\\Boards\\ST\\STM32F4-Discovery\\Common\\LED_F4Discovery.c 0x00000000   Number         0  led_f4discovery.o ABSOLUTE
    HAL_CM4.c                                0x00000000   Number         0  hal_cm4.o ABSOLUTE
    HAL_CM4.c                                0x00000000   Number         0  hal_cm4.o ABSOLUTE
    RTE\CMSIS\RTX_Conf_CM.c                  0x00000000   Number         0  rtx_conf_cm.o ABSOLUTE
    RTE\Device\STM32F407VGTx\startup_stm32f407xx.s 0x00000000   Number         0  startup_stm32f407xx.o ABSOLUTE
    RTE\Device\STM32F407VGTx\system_stm32f4xx.c 0x00000000   Number         0  system_stm32f4xx.o ABSOLUTE
    RTE\\Device\\STM32F407VGTx\\system_stm32f4xx.c 0x00000000   Number         0  system_stm32f4xx.o ABSOLUTE
    SVC_Table.s                              0x00000000   Number         0  svc_table.o ABSOLUTE
    dc.s                                     0x00000000   Number         0  dc.o ABSOLUTE
    handlers.s                               0x00000000   Number         0  handlers.o ABSOLUTE
    init.s                                   0x00000000   Number         0  init.o ABSOLUTE
    RESET                                    0x08000000   Section      392  startup_stm32f407xx.o(RESET)
    .ARM.Collect$$$$00000000                 0x08000188   Section        0  entry.o(.ARM.Collect$$$$00000000)
    .ARM.Collect$$$$00000001                 0x08000188   Section        4  entry2.o(.ARM.Collect$$$$00000001)
    .ARM.Collect$$$$00000004                 0x0800018c   Section        4  entry5.o(.ARM.Collect$$$$00000004)
    .ARM.Collect$$$$00000008                 0x08000190   Section        0  entry7b.o(.ARM.Collect$$$$00000008)
    .ARM.Collect$$$$0000000A                 0x08000190   Section        0  entry8b.o(.ARM.Collect$$$$0000000A)
    .ARM.Collect$$$$0000000D                 0x08000190   Section        0  entry10a.o(.ARM.Collect$$$$0000000D)
    .ARM.Collect$$$$0000000F                 0x08000190   Section        0  entry11a.o(.ARM.Collect$$$$0000000F)
    .ARM.Collect$$$$000000FF                 0x08000190   Section        0  rtx_conf_cm.o(.ARM.Collect$$$$000000FF)
    .ARM.Collect$$$$00002712                 0x080001a8   Section        4  entry2.o(.ARM.Collect$$$$00002712)
    __lit__00000000                          0x080001a8   Data           4  entry2.o(.ARM.Collect$$$$00002712)
    .emb_text                                0x080001ac   Section      384  hal_cm4.o(.emb_text)
    $v0                                      0x080001ac   Number         0  hal_cm4.o(.emb_text)
    .text                                    0x0800032c   Section        0  blinky.o(.text)
    .text                                    0x0800042c   Section        0  buttons_f4discovery.o(.text)
    .text                                    0x08000498   Section        0  led_f4discovery.o(.text)
    .text                                    0x08000558   Section        0  rtx_conf_cm.o(.text)
    .text                                    0x08000578   Section       36  startup_stm32f407xx.o(.text)
    $v0                                      0x08000578   Number         0  startup_stm32f407xx.o(.text)
    .text                                    0x0800059c   Section        0  system_stm32f4xx.o(.text)
    .text                                    0x080006bc   Section        0  stm32f4xx_hal.o(.text)
    .text                                    0x0800085c   Section        0  stm32f4xx_hal_cortex.o(.text)
    NVIC_SetPriority                         0x0800085d   Thumb Code    32  stm32f4xx_hal_cortex.o(.text)
    NVIC_GetPriorityGrouping                 0x08000aff   Thumb Code    12  stm32f4xx_hal_cortex.o(.text)
    .text                                    0x08000b20   Section        0  stm32f4xx_hal_gpio.o(.text)
    .text                                    0x08000ee0   Section        0  stm32f4xx_hal_rcc.o(.text)
    .text                                    0x0800198c   Section       36  init.o(.text)
    SVC_TABLE                                0x080019b0   Section        4  svc_table.o(SVC_TABLE)
    i.__scatterload_copy                     0x080019b4   Section       14  handlers.o(i.__scatterload_copy)
    i.__scatterload_null                     0x080019c2   Section        2  handlers.o(i.__scatterload_null)
    i.__scatterload_zeroinit                 0x080019c4   Section       14  handlers.o(i.__scatterload_zeroinit)
    i._init_box                              0x080019d2   Section        0  rt_membox.o(i._init_box)
    i.dbg_init                               0x08001a18   Section        0  hal_cm.o(i.dbg_init)
    i.dbg_task_notify                        0x08001a48   Section        0  hal_cm.o(i.dbg_task_notify)
    i.dbg_task_switch                        0x08001a68   Section        0  hal_cm.o(i.dbg_task_switch)
    i.isrMessageGet                          0x08001a78   Section        0  rt_cmsis.o(i.isrMessageGet)
    i.isrMessagePut                          0x08001aa2   Section        0  rt_cmsis.o(i.isrMessagePut)
    i.isr_mbx_receive                        0x08001ad0   Section        0  rt_mailbox.o(i.isr_mbx_receive)
    i.isr_mbx_send                           0x08001b22   Section        0  rt_mailbox.o(i.isr_mbx_send)
    i.osDelay                                0x08001b30   Section        0  rt_cmsis.o(i.osDelay)
    i.osKernelInitialize                     0x08001b48   Section        0  rt_cmsis.o(i.osKernelInitialize)
    i.osKernelStart                          0x08001b6c   Section        0  rt_cmsis.o(i.osKernelStart)
    i.osMessageGet                           0x08001bd8   Section        0  rt_cmsis.o(i.osMessageGet)
    i.osThreadCreate                         0x08001bf0   Section        0  rt_cmsis.o(i.osThreadCreate)
    i.osThreadExit                           0x08001c20   Section        0  rt_cmsis.o(i.osThreadExit)
    i.osTimerCall                            0x08001c38   Section        0  rt_cmsis.o(i.osTimerCall)
    i.osTimerThread                          0x08001c44   Section        0  rt_cmsis.o(i.osTimerThread)
    i.os_tick_init                           0x08001c70   Section        0  rt_system.o(i.os_tick_init)
    i.os_tick_irqack                         0x08001c98   Section        0  rt_system.o(i.os_tick_irqack)
    i.rt_alloc_box                           0x08001c9a   Section        0  rt_membox.o(i.rt_alloc_box)
    i.rt_alloc_mem                           0x08001cb4   Section        0  rt_memory.o(i.rt_alloc_mem)
    i.rt_block                               0x08001cf4   Section        0  rt_task.o(i.rt_block)
    i.rt_chk_robin                           0x08001d2c   Section        0  rt_robin.o(i.rt_chk_robin)
    i.rt_dec_dly                             0x08001d74   Section        0  rt_list.o(i.rt_dec_dly)
    i.rt_dispatch                            0x08001de4   Section        0  rt_task.o(i.rt_dispatch)
    i.rt_dly_wait                            0x08001e28   Section        0  rt_time.o(i.rt_dly_wait)
    i.rt_evt_psh                             0x08001e30   Section        0  rt_event.o(i.rt_evt_psh)
    i.rt_free_box                            0x08001e80   Section        0  rt_membox.o(i.rt_free_box)
    i.rt_free_mem                            0x08001ea0   Section        0  rt_memory.o(i.rt_free_mem)
    i.rt_get_first                           0x08001ec8   Section        0  rt_list.o(i.rt_get_first)
    i.rt_id2obj                              0x08001ef0   Section        0  rt_cmsis.o(i.rt_id2obj)
    rt_id2obj                                0x08001ef1   Thumb Code     8  rt_cmsis.o(i.rt_id2obj)
    i.rt_init_context                        0x08001ef8   Section        0  rt_task.o(i.rt_init_context)
    rt_init_context                          0x08001ef9   Thumb Code    66  rt_task.o(i.rt_init_context)
    i.rt_init_mem                            0x08001f40   Section        0  rt_memory.o(i.rt_init_mem)
    i.rt_init_robin                          0x08001f5c   Section        0  rt_robin.o(i.rt_init_robin)
    i.rt_init_stack                          0x08001f74   Section        0  hal_cm.o(i.rt_init_stack)
    i.rt_mbx_check                           0x08001ff4   Section        0  rt_mailbox.o(i.rt_mbx_check)
    i.rt_mbx_init                            0x08001ffc   Section        0  rt_mailbox.o(i.rt_mbx_init)
    i.rt_mbx_psh                             0x08002018   Section        0  rt_mailbox.o(i.rt_mbx_psh)
    i.rt_mbx_wait                            0x08002108   Section        0  rt_mailbox.o(i.rt_mbx_wait)
    i.rt_ms2tick                             0x080021bc   Section        0  rt_cmsis.o(i.rt_ms2tick)
    rt_ms2tick                               0x080021bd   Thumb Code    50  rt_cmsis.o(i.rt_ms2tick)
    i.rt_pop_req                             0x080021f8   Section        0  rt_system.o(i.rt_pop_req)
    i.rt_psh_req                             0x08002274   Section        0  rt_system.o(i.rt_psh_req)
    i.rt_psq_enq                             0x08002294   Section        0  rt_list.o(i.rt_psq_enq)
    i.rt_put_dly                             0x080022f0   Section        0  rt_list.o(i.rt_put_dly)
    i.rt_put_prio                            0x08002338   Section        0  rt_list.o(i.rt_put_prio)
    i.rt_put_rdy_first                       0x08002370   Section        0  rt_list.o(i.rt_put_rdy_first)
    i.rt_resort_prio                         0x08002384   Section        0  rt_list.o(i.rt_resort_prio)
    i.rt_ret_regs                            0x080023b8   Section        0  hal_cm.o(i.rt_ret_regs)
    rt_ret_regs                              0x080023b9   Thumb Code    16  hal_cm.o(i.rt_ret_regs)
    i.rt_ret_val                             0x080023c8   Section        0  hal_cm.o(i.rt_ret_val)
    i.rt_ret_val2                            0x080023d4   Section        0  hal_cm.o(i.rt_ret_val2)
    i.rt_rmv_dly                             0x080023e4   Section        0  rt_list.o(i.rt_rmv_dly)
    i.rt_rmv_list                            0x0800240c   Section        0  rt_list.o(i.rt_rmv_list)
    i.rt_sem_psh                             0x0800243c   Section        0  rt_semaphore.o(i.rt_sem_psh)
    i.rt_stk_check                           0x08002470   Section        0  rt_system.o(i.rt_stk_check)
    i.rt_switch_req                          0x08002494   Section        0  rt_task.o(i.rt_switch_req)
    i.rt_sys_init                            0x080024bc   Section        0  rt_task.o(i.rt_sys_init)
    i.rt_sys_start                           0x08002588   Section        0  rt_task.o(i.rt_sys_start)
    i.rt_systick                             0x08002600   Section        0  rt_system.o(i.rt_systick)
    i.rt_tid2ptcb                            0x08002640   Section        0  rt_cmsis.o(i.rt_tid2ptcb)
    rt_tid2ptcb                              0x08002641   Thumb Code    18  rt_cmsis.o(i.rt_tid2ptcb)
    i.rt_timer_insert                        0x08002654   Section        0  rt_cmsis.o(i.rt_timer_insert)
    rt_timer_insert                          0x08002655   Thumb Code    48  rt_cmsis.o(i.rt_timer_insert)
    i.rt_tsk_create                          0x08002688   Section        0  rt_task.o(i.rt_tsk_create)
    i.rt_tsk_delete                          0x08002708   Section        0  rt_task.o(i.rt_tsk_delete)
    i.rt_tsk_prio                            0x0800287c   Section        0  rt_task.o(i.rt_tsk_prio)
    i.rt_tsk_self                            0x080028f8   Section        0  rt_task.o(i.rt_tsk_self)
    i.svcDelay                               0x08002908   Section        0  rt_cmsis.o(i.svcDelay)
    i.svcKernelInitialize                    0x0800291c   Section        0  rt_cmsis.o(i.svcKernelInitialize)
    i.svcKernelStart                         0x0800298c   Section        0  rt_cmsis.o(i.svcKernelStart)
    i.svcMessageCreate                       0x080029d4   Section        0  rt_cmsis.o(i.svcMessageCreate)
    i.svcMessageGet                          0x080029f8   Section        0  rt_cmsis.o(i.svcMessageGet)
    i.svcThreadCreate                        0x08002a34   Section        0  rt_cmsis.o(i.svcThreadCreate)
    i.svcThreadGetId                         0x08002aa4   Section        0  rt_cmsis.o(i.svcThreadGetId)
    i.svcThreadTerminate                     0x08002ac0   Section        0  rt_cmsis.o(i.svcThreadTerminate)
    i.svcTimerCall                           0x08002af8   Section        0  rt_cmsis.o(i.svcTimerCall)
    i.sysTimerTick                           0x08002b10   Section        0  rt_cmsis.o(i.sysTimerTick)
    .constdata                               0x08002b6c   Section       32  led_f4discovery.o(.constdata)
    LED_PIN                                  0x08002b6c   Data          32  led_f4discovery.o(.constdata)
    .constdata                               0x08002b8c   Section       86  rtx_conf_cm.o(.constdata)
    __tagsym$$used                           0x08002ba8   Number         0  rtx_conf_cm.o(.constdata)
    __tagsym$$used                           0x08002bac   Number         0  rtx_conf_cm.o(.constdata)
    __tagsym$$used                           0x08002bb0   Number         0  rtx_conf_cm.o(.constdata)
    __tagsym$$used                           0x08002bb4   Number         0  rtx_conf_cm.o(.constdata)
    .constdata                               0x08002be2   Section       16  stm32f4xx_hal_rcc.o(.constdata)
    .data                                    0x20000000   Section       32  rtx_conf_cm.o(.data)
    .data                                    0x20000020   Section       20  system_stm32f4xx.o(.data)
    .data                                    0x20000034   Section        4  stm32f4xx_hal.o(.data)
    uwTick                                   0x20000034   Data           4  stm32f4xx_hal.o(.data)
    .data                                    0x20000038   Section        8  rt_cmsis.o(.data)
    .data                                    0x20000040   Section        4  rt_time.o(.data)
    .data                                    0x20000044   Section        8  rt_task.o(.data)
    .data                                    0x2000004c   Section        8  rt_system.o(.data)
    os_lock                                  0x2000004c   Data           1  rt_system.o(.data)
    os_psh_flag                              0x2000004d   Data           1  rt_system.o(.data)
    pend_flags                               0x2000004e   Data           1  rt_system.o(.data)
    .data                                    0x20000054   Section        1  hal_cm.o(.data)
    .data                                    0x20000058   Section        8  rt_robin.o(.data)
    .bss                                     0x20000060   Section     2216  rtx_conf_cm.o(.bss)
    .bss                                     0x20000908   Section       52  rt_task.o(.bss)
    .bss                                     0x2000093c   Section       48  rt_list.o(.bss)
    STACK                                    0x20000970   Section     1024  startup_stm32f407xx.o(STACK)

    Global Symbols

    Symbol Name                              Value     Ov Type        Size  Object(Section)

    BuildAttributes$$THM_ISAv4$E$P$D$K$B$S$7EM$VFPi3$EXTD16$VFPS$VFMA$PE$A:L22UL41UL21$X:L11$S22US41US21$IEEE1$IW$USESV6$~STKCKD$USESV7$~SHL$OSPACE$EBA8$MICROLIB$REQ8$PRES8$EABIv2 0x00000000   Number         0  anon$$obj.o ABSOLUTE
    __ARM_use_no_argv                        0x00000000   Number         0  blinky.o ABSOLUTE
    __cpp_initialize__aeabi_                  - Undefined Weak Reference
    __cxa_finalize                            - Undefined Weak Reference
    __decompress                              - Undefined Weak Reference
    _clock_init                               - Undefined Weak Reference
    _microlib_exit                            - Undefined Weak Reference
    __Vectors_Size                           0x00000188   Number         0  startup_stm32f407xx.o ABSOLUTE
    __RL_RTX_VER                             0x00000478   Number         0  rt_system.o ABSOLUTE
    __Vectors                                0x08000000   Data           4  startup_stm32f407xx.o(RESET)
    __Vectors_End                            0x08000188   Data           0  startup_stm32f407xx.o(RESET)
    __main                                   0x08000189   Thumb Code     0  entry.o(.ARM.Collect$$$$00000000)
    _main_stk                                0x08000189   Thumb Code     0  entry2.o(.ARM.Collect$$$$00000001)
    _main_scatterload                        0x0800018d   Thumb Code     0  entry5.o(.ARM.Collect$$$$00000004)
    __main_after_scatterload                 0x08000191   Thumb Code     0  entry5.o(.ARM.Collect$$$$00000004)
    __rt_final_cpp                           0x08000191   Thumb Code     0  entry10a.o(.ARM.Collect$$$$0000000D)
    __rt_final_exit                          0x08000191   Thumb Code     0  entry11a.o(.ARM.Collect$$$$0000000F)
    _main_clock                              0x08000191   Thumb Code     0  entry7b.o(.ARM.Collect$$$$00000008)
    _main_cpp_init                           0x08000191   Thumb Code     0  entry8b.o(.ARM.Collect$$$$0000000A)
    _main_init                               0x08000191   Thumb Code    18  rtx_conf_cm.o(.ARM.Collect$$$$000000FF)
    rt_set_PSP                               0x080001ad   Thumb Code     6  hal_cm4.o(.emb_text)
    rt_get_PSP                               0x080001b3   Thumb Code     6  hal_cm4.o(.emb_text)
    os_set_env                               0x080001b9   Thumb Code    24  hal_cm4.o(.emb_text)
    _alloc_box                               0x080001d5   Thumb Code    28  hal_cm4.o(.emb_text)
    _free_box                                0x080001f5   Thumb Code    28  hal_cm4.o(.emb_text)
    SVC_Handler                              0x08000215   Thumb Code   148  hal_cm4.o(.emb_text)
    PendSV_Handler                           0x080002b5   Thumb Code    96  hal_cm4.o(.emb_text)
    SysTick_Handler                          0x08000319   Thumb Code     8  hal_cm4.o(.emb_text)
    OS_Tick_Handler                          0x08000321   Thumb Code    12  hal_cm4.o(.emb_text)
    HAL_GetTick                              0x0800032d   Thumb Code     6  blinky.o(.text)
    SystemClock_Config                       0x08000333   Thumb Code   134  blinky.o(.text)
    main                                     0x080003b9   Thumb Code   104  blinky.o(.text)
    Buttons_Initialize                       0x0800042d   Thumb Code    56  buttons_f4discovery.o(.text)
    Buttons_Uninitialize                     0x08000465   Thumb Code    14  buttons_f4discovery.o(.text)
    Buttons_GetState                         0x08000473   Thumb Code    24  buttons_f4discovery.o(.text)
    Buttons_GetCount                         0x0800048b   Thumb Code     4  buttons_f4discovery.o(.text)
    LED_Initialize                           0x08000499   Thumb Code    64  led_f4discovery.o(.text)
    LED_Uninitialize                         0x080004d9   Thumb Code    16  led_f4discovery.o(.text)
    LED_On                                   0x080004e9   Thumb Code    28  led_f4discovery.o(.text)
    LED_Off                                  0x08000505   Thumb Code    28  led_f4discovery.o(.text)
    LED_SetOut                               0x08000521   Thumb Code    40  led_f4discovery.o(.text)
    LED_GetCount                             0x08000549   Thumb Code     4  led_f4discovery.o(.text)
    os_idle_demon                            0x08000559   Thumb Code     4  rtx_conf_cm.o(.text)
    os_error                                 0x0800055d   Thumb Code    26  rtx_conf_cm.o(.text)
    Reset_Handler                            0x08000579   Thumb Code     8  startup_stm32f407xx.o(.text)
    NMI_Handler                              0x08000581   Thumb Code     2  startup_stm32f407xx.o(.text)
    HardFault_Handler                        0x08000583   Thumb Code     2  startup_stm32f407xx.o(.text)
    MemManage_Handler                        0x08000585   Thumb Code     2  startup_stm32f407xx.o(.text)
    BusFault_Handler                         0x08000587   Thumb Code     2  startup_stm32f407xx.o(.text)
    UsageFault_Handler                       0x08000589   Thumb Code     2  startup_stm32f407xx.o(.text)
    DebugMon_Handler                         0x0800058d   Thumb Code     2  startup_stm32f407xx.o(.text)
    ADC_IRQHandler                           0x08000593   Thumb Code     0  startup_stm32f407xx.o(.text)
    CAN1_RX0_IRQHandler                      0x08000593   Thumb Code     0  startup_stm32f407xx.o(.text)
    CAN1_RX1_IRQHandler                      0x08000593   Thumb Code     0  startup_stm32f407xx.o(.text)
    CAN1_SCE_IRQHandler                      0x08000593   Thumb Code     0  startup_stm32f407xx.o(.text)
    CAN1_TX_IRQHandler                       0x08000593   Thumb Code     0  startup_stm32f407xx.o(.text)
    CAN2_RX0_IRQHandler                      0x08000593   Thumb Code     0  startup_stm32f407xx.o(.text)
    CAN2_RX1_IRQHandler                      0x08000593   Thumb Code     0  startup_stm32f407xx.o(.text)
    CAN2_SCE_IRQHandler                      0x08000593   Thumb Code     0  startup_stm32f407xx.o(.text)
    CAN2_TX_IRQHandler                       0x08000593   Thumb Code     0  startup_stm32f407xx.o(.text)
    DCMI_IRQHandler                          0x08000593   Thumb Code     0  startup_stm32f407xx.o(.text)
    DMA1_Stream0_IRQHandler                  0x08000593   Thumb Code     0  startup_stm32f407xx.o(.text)
    DMA1_Stream1_IRQHandler                  0x08000593   Thumb Code     0  startup_stm32f407xx.o(.text)
    DMA1_Stream2_IRQHandler                  0x08000593   Thumb Code     0  startup_stm32f407xx.o(.text)
    DMA1_Stream3_IRQHandler                  0x08000593   Thumb Code     0  startup_stm32f407xx.o(.text)
    DMA1_Stream4_IRQHandler                  0x08000593   Thumb Code     0  startup_stm32f407xx.o(.text)
    DMA1_Stream5_IRQHandler                  0x08000593   Thumb Code     0  startup_stm32f407xx.o(.text)
    DMA1_Stream6_IRQHandler                  0x08000593   Thumb Code     0  startup_stm32f407xx.o(.text)
    DMA1_Stream7_IRQHandler                  0x08000593   Thumb Code     0  startup_stm32f407xx.o(.text)
    DMA2_Stream0_IRQHandler                  0x08000593   Thumb Code     0  startup_stm32f407xx.o(.text)
    DMA2_Stream1_IRQHandler                  0x08000593   Thumb Code     0  startup_stm32f407xx.o(.text)
    DMA2_Stream2_IRQHandler                  0x08000593   Thumb Code     0  startup_stm32f407xx.o(.text)
    DMA2_Stream3_IRQHandler                  0x08000593   Thumb Code     0  startup_stm32f407xx.o(.text)
    DMA2_Stream4_IRQHandler                  0x08000593   Thumb Code     0  startup_stm32f407xx.o(.text)
    DMA2_Stream5_IRQHandler                  0x08000593   Thumb Code     0  startup_stm32f407xx.o(.text)
    DMA2_Stream6_IRQHandler                  0x08000593   Thumb Code     0  startup_stm32f407xx.o(.text)
    DMA2_Stream7_IRQHandler                  0x08000593   Thumb Code     0  startup_stm32f407xx.o(.text)
    ETH_IRQHandler                           0x08000593   Thumb Code     0  startup_stm32f407xx.o(.text)
    ETH_WKUP_IRQHandler                      0x08000593   Thumb Code     0  startup_stm32f407xx.o(.text)
    EXTI0_IRQHandler                         0x08000593   Thumb Code     0  startup_stm32f407xx.o(.text)
    EXTI15_10_IRQHandler                     0x08000593   Thumb Code     0  startup_stm32f407xx.o(.text)
    EXTI1_IRQHandler                         0x08000593   Thumb Code     0  startup_stm32f407xx.o(.text)
    EXTI2_IRQHandler                         0x08000593   Thumb Code     0  startup_stm32f407xx.o(.text)
    EXTI3_IRQHandler                         0x08000593   Thumb Code     0  startup_stm32f407xx.o(.text)
    EXTI4_IRQHandler                         0x08000593   Thumb Code     0  startup_stm32f407xx.o(.text)
    EXTI9_5_IRQHandler                       0x08000593   Thumb Code     0  startup_stm32f407xx.o(.text)
    FLASH_IRQHandler                         0x08000593   Thumb Code     0  startup_stm32f407xx.o(.text)
    FMC_IRQHandler                           0x08000593   Thumb Code     0  startup_stm32f407xx.o(.text)
    FPU_IRQHandler                           0x08000593   Thumb Code     0  startup_stm32f407xx.o(.text)
    HASH_RNG_IRQHandler                      0x08000593   Thumb Code     0  startup_stm32f407xx.o(.text)
    I2C1_ER_IRQHandler                       0x08000593   Thumb Code     0  startup_stm32f407xx.o(.text)
    I2C1_EV_IRQHandler                       0x08000593   Thumb Code     0  startup_stm32f407xx.o(.text)
    I2C2_ER_IRQHandler                       0x08000593   Thumb Code     0  startup_stm32f407xx.o(.text)
    I2C2_EV_IRQHandler                       0x08000593   Thumb Code     0  startup_stm32f407xx.o(.text)
    I2C3_ER_IRQHandler                       0x08000593   Thumb Code     0  startup_stm32f407xx.o(.text)
    I2C3_EV_IRQHandler                       0x08000593   Thumb Code     0  startup_stm32f407xx.o(.text)
    OTG_FS_IRQHandler                        0x08000593   Thumb Code     0  startup_stm32f407xx.o(.text)
    OTG_FS_WKUP_IRQHandler                   0x08000593   Thumb Code     0  startup_stm32f407xx.o(.text)
    OTG_HS_EP1_IN_IRQHandler                 0x08000593   Thumb Code     0  startup_stm32f407xx.o(.text)
    OTG_HS_EP1_OUT_IRQHandler                0x08000593   Thumb Code     0  startup_stm32f407xx.o(.text)
    OTG_HS_IRQHandler                        0x08000593   Thumb Code     0  startup_stm32f407xx.o(.text)
    OTG_HS_WKUP_IRQHandler                   0x08000593   Thumb Code     0  startup_stm32f407xx.o(.text)
    PVD_IRQHandler                           0x08000593   Thumb Code     0  startup_stm32f407xx.o(.text)
    RCC_IRQHandler                           0x08000593   Thumb Code     0  startup_stm32f407xx.o(.text)
    RTC_Alarm_IRQHandler                     0x08000593   Thumb Code     0  startup_stm32f407xx.o(.text)
    RTC_WKUP_IRQHandler                      0x08000593   Thumb Code     0  startup_stm32f407xx.o(.text)
    SDIO_IRQHandler                          0x08000593   Thumb Code     0  startup_stm32f407xx.o(.text)
    SPI1_IRQHandler                          0x08000593   Thumb Code     0  startup_stm32f407xx.o(.text)
    SPI2_IRQHandler                          0x08000593   Thumb Code     0  startup_stm32f407xx.o(.text)
    SPI3_IRQHandler                          0x08000593   Thumb Code     0  startup_stm32f407xx.o(.text)
    TAMP_STAMP_IRQHandler                    0x08000593   Thumb Code     0  startup_stm32f407xx.o(.text)
    TIM1_BRK_TIM9_IRQHandler                 0x08000593   Thumb Code     0  startup_stm32f407xx.o(.text)
    TIM1_CC_IRQHandler                       0x08000593   Thumb Code     0  startup_stm32f407xx.o(.text)
    TIM1_TRG_COM_TIM11_IRQHandler            0x08000593   Thumb Code     0  startup_stm32f407xx.o(.text)
    TIM1_UP_TIM10_IRQHandler                 0x08000593   Thumb Code     0  startup_stm32f407xx.o(.text)
    TIM2_IRQHandler                          0x08000593   Thumb Code     0  startup_stm32f407xx.o(.text)
    TIM3_IRQHandler                          0x08000593   Thumb Code     0  startup_stm32f407xx.o(.text)
    TIM4_IRQHandler                          0x08000593   Thumb Code     0  startup_stm32f407xx.o(.text)
    TIM5_IRQHandler                          0x08000593   Thumb Code     0  startup_stm32f407xx.o(.text)
    TIM6_DAC_IRQHandler                      0x08000593   Thumb Code     0  startup_stm32f407xx.o(.text)
    TIM7_IRQHandler                          0x08000593   Thumb Code     0  startup_stm32f407xx.o(.text)
    TIM8_BRK_TIM12_IRQHandler                0x08000593   Thumb Code     0  startup_stm32f407xx.o(.text)
    TIM8_CC_IRQHandler                       0x08000593   Thumb Code     0  startup_stm32f407xx.o(.text)
    TIM8_TRG_COM_TIM14_IRQHandler            0x08000593   Thumb Code     0  startup_stm32f407xx.o(.text)
    TIM8_UP_TIM13_IRQHandler                 0x08000593   Thumb Code     0  startup_stm32f407xx.o(.text)
    UART4_IRQHandler                         0x08000593   Thumb Code     0  startup_stm32f407xx.o(.text)
    UART5_IRQHandler                         0x08000593   Thumb Code     0  startup_stm32f407xx.o(.text)
    USART1_IRQHandler                        0x08000593   Thumb Code     0  startup_stm32f407xx.o(.text)
    USART2_IRQHandler                        0x08000593   Thumb Code     0  startup_stm32f407xx.o(.text)
    USART3_IRQHandler                        0x08000593   Thumb Code     0  startup_stm32f407xx.o(.text)
    USART6_IRQHandler                        0x08000593   Thumb Code     0  startup_stm32f407xx.o(.text)
    WWDG_IRQHandler                          0x08000593   Thumb Code     0  startup_stm32f407xx.o(.text)
    SystemInit                               0x0800059d   Thumb Code    82  system_stm32f4xx.o(.text)
    SystemCoreClockUpdate                    0x080005ef   Thumb Code   174  system_stm32f4xx.o(.text)
    HAL_MspInit                              0x080006bd   Thumb Code     2  stm32f4xx_hal.o(.text)
    HAL_InitTick                             0x080006bf   Thumb Code    36  stm32f4xx_hal.o(.text)
    HAL_Init                                 0x080006e3   Thumb Code    54  stm32f4xx_hal.o(.text)
    HAL_MspDeInit                            0x08000719   Thumb Code     2  stm32f4xx_hal.o(.text)
    HAL_DeInit                               0x0800071b   Thumb Code    64  stm32f4xx_hal.o(.text)
    HAL_IncTick                              0x0800075b   Thumb Code    12  stm32f4xx_hal.o(.text)
    HAL_Delay                                0x0800076d   Thumb Code    26  stm32f4xx_hal.o(.text)
    HAL_SuspendTick                          0x08000787   Thumb Code    18  stm32f4xx_hal.o(.text)
    HAL_ResumeTick                           0x08000799   Thumb Code    18  stm32f4xx_hal.o(.text)
    HAL_GetHalVersion                        0x080007ab   Thumb Code     4  stm32f4xx_hal.o(.text)
    HAL_GetREVID                             0x080007af   Thumb Code     8  stm32f4xx_hal.o(.text)
    HAL_GetDEVID                             0x080007b7   Thumb Code    10  stm32f4xx_hal.o(.text)
    HAL_DBGMCU_EnableDBGSleepMode            0x080007c1   Thumb Code    14  stm32f4xx_hal.o(.text)
    HAL_DBGMCU_DisableDBGSleepMode           0x080007cf   Thumb Code    14  stm32f4xx_hal.o(.text)
    HAL_DBGMCU_EnableDBGStopMode             0x080007dd   Thumb Code    14  stm32f4xx_hal.o(.text)
    HAL_DBGMCU_DisableDBGStopMode            0x080007eb   Thumb Code    14  stm32f4xx_hal.o(.text)
    HAL_DBGMCU_EnableDBGStandbyMode          0x080007f9   Thumb Code    14  stm32f4xx_hal.o(.text)
    HAL_DBGMCU_DisableDBGStandbyMode         0x08000807   Thumb Code    14  stm32f4xx_hal.o(.text)
    HAL_EnableCompensationCell               0x08000815   Thumb Code    22  stm32f4xx_hal.o(.text)
    HAL_DisableCompensationCell              0x0800082b   Thumb Code    24  stm32f4xx_hal.o(.text)
    HAL_NVIC_SetPriorityGrouping             0x0800087d   Thumb Code    36  stm32f4xx_hal_cortex.o(.text)
    HAL_NVIC_SetPriority                     0x080008a1   Thumb Code   124  stm32f4xx_hal_cortex.o(.text)
    HAL_NVIC_EnableIRQ                       0x0800091d   Thumb Code    26  stm32f4xx_hal_cortex.o(.text)
    HAL_NVIC_DisableIRQ                      0x08000937   Thumb Code    22  stm32f4xx_hal_cortex.o(.text)
    HAL_NVIC_SystemReset                     0x0800094d   Thumb Code    64  stm32f4xx_hal_cortex.o(.text)
    HAL_SYSTICK_Config                       0x0800098d   Thumb Code    52  stm32f4xx_hal_cortex.o(.text)
    HAL_NVIC_GetPriorityGrouping             0x080009c1   Thumb Code     8  stm32f4xx_hal_cortex.o(.text)
    HAL_NVIC_GetPriority                     0x080009c9   Thumb Code   138  stm32f4xx_hal_cortex.o(.text)
    HAL_NVIC_SetPendingIRQ                   0x08000a53   Thumb Code    24  stm32f4xx_hal_cortex.o(.text)
    HAL_NVIC_GetPendingIRQ                   0x08000a6b   Thumb Code    38  stm32f4xx_hal_cortex.o(.text)
    HAL_NVIC_ClearPendingIRQ                 0x08000a91   Thumb Code    22  stm32f4xx_hal_cortex.o(.text)
    HAL_NVIC_GetActive                       0x08000aa7   Thumb Code    38  stm32f4xx_hal_cortex.o(.text)
    HAL_SYSTICK_CLKSourceConfig              0x08000acd   Thumb Code    40  stm32f4xx_hal_cortex.o(.text)
    HAL_SYSTICK_Callback                     0x08000af5   Thumb Code     2  stm32f4xx_hal_cortex.o(.text)
    HAL_SYSTICK_IRQHandler                   0x08000af7   Thumb Code     8  stm32f4xx_hal_cortex.o(.text)
    HAL_GPIO_Init                            0x08000b21   Thumb Code   472  stm32f4xx_hal_gpio.o(.text)
    HAL_GPIO_DeInit                          0x08000cf9   Thumb Code   326  stm32f4xx_hal_gpio.o(.text)
    HAL_GPIO_ReadPin                         0x08000e3f   Thumb Code    16  stm32f4xx_hal_gpio.o(.text)
    HAL_GPIO_WritePin                        0x08000e4f   Thumb Code    12  stm32f4xx_hal_gpio.o(.text)
    HAL_GPIO_TogglePin                       0x08000e5b   Thumb Code     8  stm32f4xx_hal_gpio.o(.text)
    HAL_GPIO_LockPin                         0x08000e63   Thumb Code    46  stm32f4xx_hal_gpio.o(.text)
    HAL_GPIO_EXTI_Callback                   0x08000e91   Thumb Code     2  stm32f4xx_hal_gpio.o(.text)
    HAL_GPIO_EXTI_IRQHandler                 0x08000e93   Thumb Code    28  stm32f4xx_hal_gpio.o(.text)
    HAL_RCC_DeInit                           0x08000ee1   Thumb Code    96  stm32f4xx_hal_rcc.o(.text)
    HAL_RCC_OscConfig                        0x08000f41   Thumb Code  1024  stm32f4xx_hal_rcc.o(.text)
    HAL_RCC_ClockConfig                      0x08001341   Thumb Code   708  stm32f4xx_hal_rcc.o(.text)
    HAL_RCC_MCOConfig                        0x08001605   Thumb Code   178  stm32f4xx_hal_rcc.o(.text)
    HAL_RCC_EnableCSS                        0x080016b7   Thumb Code     8  stm32f4xx_hal_rcc.o(.text)
    HAL_RCC_DisableCSS                       0x080016bf   Thumb Code     8  stm32f4xx_hal_rcc.o(.text)
    HAL_RCC_GetSysClockFreq                  0x080016c7   Thumb Code   182  stm32f4xx_hal_rcc.o(.text)
    HAL_RCC_GetHCLKFreq                      0x0800177d   Thumb Code    44  stm32f4xx_hal_rcc.o(.text)
    HAL_RCC_GetPCLK1Freq                     0x080017a9   Thumb Code    38  stm32f4xx_hal_rcc.o(.text)
    HAL_RCC_GetPCLK2Freq                     0x080017cf   Thumb Code    38  stm32f4xx_hal_rcc.o(.text)
    HAL_RCC_GetOscConfig                     0x080017f5   Thumb Code   286  stm32f4xx_hal_rcc.o(.text)
    HAL_RCC_GetClockConfig                   0x08001913   Thumb Code    66  stm32f4xx_hal_rcc.o(.text)
    HAL_RCC_CSSCallback                      0x08001955   Thumb Code     2  stm32f4xx_hal_rcc.o(.text)
    HAL_RCC_NMI_IRQHandler                   0x08001957   Thumb Code    30  stm32f4xx_hal_rcc.o(.text)
    __scatterload                            0x0800198d   Thumb Code    28  init.o(.text)
    __scatterload_rt2                        0x0800198d   Thumb Code     0  init.o(.text)
    SVC_Count                                0x080019b0   Data           4  svc_table.o(SVC_TABLE)
    SVC_Table                                0x080019b4   Data           0  svc_table.o(SVC_TABLE)
    __scatterload_copy                       0x080019b5   Thumb Code    14  handlers.o(i.__scatterload_copy)
    __scatterload_null                       0x080019c3   Thumb Code     2  handlers.o(i.__scatterload_null)
    __scatterload_zeroinit                   0x080019c5   Thumb Code    14  handlers.o(i.__scatterload_zeroinit)
    _init_box                                0x080019d3   Thumb Code    70  rt_membox.o(i._init_box)
    dbg_init                                 0x08001a19   Thumb Code    34  hal_cm.o(i.dbg_init)
    dbg_task_notify                          0x08001a49   Thumb Code    32  hal_cm.o(i.dbg_task_notify)
    dbg_task_switch                          0x08001a69   Thumb Code    16  hal_cm.o(i.dbg_task_switch)
    isrMessageGet                            0x08001a79   Thumb Code    42  rt_cmsis.o(i.isrMessageGet)
    isrMessagePut                            0x08001aa3   Thumb Code    44  rt_cmsis.o(i.isrMessagePut)
    isr_mbx_receive                          0x08001ad1   Thumb Code    82  rt_mailbox.o(i.isr_mbx_receive)
    isr_mbx_send                             0x08001b23   Thumb Code    14  rt_mailbox.o(i.isr_mbx_send)
    osDelay                                  0x08001b31   Thumb Code    18  rt_cmsis.o(i.osDelay)
    osKernelInitialize                       0x08001b49   Thumb Code    30  rt_cmsis.o(i.osKernelInitialize)
    osKernelStart                            0x08001b6d   Thumb Code    98  rt_cmsis.o(i.osKernelStart)
    osMessageGet                             0x08001bd9   Thumb Code    18  rt_cmsis.o(i.osMessageGet)
    osThreadCreate                           0x08001bf1   Thumb Code    38  rt_cmsis.o(i.osThreadCreate)
    osThreadExit                             0x08001c21   Thumb Code    14  rt_cmsis.o(i.osThreadExit)
    osTimerCall                              0x08001c39   Thumb Code     8  rt_cmsis.o(i.osTimerCall)
    osTimerThread                            0x08001c45   Thumb Code    38  rt_cmsis.o(i.osTimerThread)
    os_tick_init                             0x08001c71   Thumb Code    32  rt_system.o(i.os_tick_init)
    os_tick_irqack                           0x08001c99   Thumb Code     2  rt_system.o(i.os_tick_irqack)
    rt_alloc_box                             0x08001c9b   Thumb Code    26  rt_membox.o(i.rt_alloc_box)
    rt_alloc_mem                             0x08001cb5   Thumb Code    62  rt_memory.o(i.rt_alloc_mem)
    rt_block                                 0x08001cf5   Thumb Code    48  rt_task.o(i.rt_block)
    rt_chk_robin                             0x08001d2d   Thumb Code    60  rt_robin.o(i.rt_chk_robin)
    rt_dec_dly                               0x08001d75   Thumb Code   102  rt_list.o(i.rt_dec_dly)
    rt_dispatch                              0x08001de5   Thumb Code    60  rt_task.o(i.rt_dispatch)
    rt_dly_wait                              0x08001e29   Thumb Code     6  rt_time.o(i.rt_dly_wait)
    rt_evt_psh                               0x08001e31   Thumb Code    76  rt_event.o(i.rt_evt_psh)
    rt_free_box                              0x08001e81   Thumb Code    32  rt_membox.o(i.rt_free_box)
    rt_free_mem                              0x08001ea1   Thumb Code    40  rt_memory.o(i.rt_free_mem)
    rt_get_first                             0x08001ec9   Thumb Code    40  rt_list.o(i.rt_get_first)
    rt_init_mem                              0x08001f41   Thumb Code    26  rt_memory.o(i.rt_init_mem)
    rt_init_robin                            0x08001f5d   Thumb Code    14  rt_robin.o(i.rt_init_robin)
    rt_init_stack                            0x08001f75   Thumb Code   118  hal_cm.o(i.rt_init_stack)
    rt_mbx_check                             0x08001ff5   Thumb Code     8  rt_mailbox.o(i.rt_mbx_check)
    rt_mbx_init                              0x08001ffd   Thumb Code    26  rt_mailbox.o(i.rt_mbx_init)
    rt_mbx_psh                               0x08002019   Thumb Code   236  rt_mailbox.o(i.rt_mbx_psh)
    rt_mbx_wait                              0x08002109   Thumb Code   174  rt_mailbox.o(i.rt_mbx_wait)
    rt_pop_req                               0x080021f9   Thumb Code   112  rt_system.o(i.rt_pop_req)
    rt_psh_req                               0x08002275   Thumb Code    22  rt_system.o(i.rt_psh_req)
    rt_psq_enq                               0x08002295   Thumb Code    88  rt_list.o(i.rt_psq_enq)
    rt_put_dly                               0x080022f1   Thumb Code    68  rt_list.o(i.rt_put_dly)
    rt_put_prio                              0x08002339   Thumb Code    54  rt_list.o(i.rt_put_prio)
    rt_put_rdy_first                         0x08002371   Thumb Code    14  rt_list.o(i.rt_put_rdy_first)
    rt_resort_prio                           0x08002385   Thumb Code    46  rt_list.o(i.rt_resort_prio)
    rt_ret_val                               0x080023c9   Thumb Code    12  hal_cm.o(i.rt_ret_val)
    rt_ret_val2                              0x080023d5   Thumb Code    16  hal_cm.o(i.rt_ret_val2)
    rt_rmv_dly                               0x080023e5   Thumb Code    40  rt_list.o(i.rt_rmv_dly)
    rt_rmv_list                              0x0800240d   Thumb Code    44  rt_list.o(i.rt_rmv_list)
    rt_sem_psh                               0x0800243d   Thumb Code    48  rt_semaphore.o(i.rt_sem_psh)
    rt_stk_check                             0x08002471   Thumb Code    28  rt_system.o(i.rt_stk_check)
    rt_switch_req                            0x08002495   Thumb Code    30  rt_task.o(i.rt_switch_req)
    rt_sys_init                              0x080024bd   Thumb Code   138  rt_task.o(i.rt_sys_init)
    rt_sys_start                             0x08002589   Thumb Code   110  rt_task.o(i.rt_sys_start)
    rt_systick                               0x08002601   Thumb Code    50  rt_system.o(i.rt_systick)
    rt_tsk_create                            0x08002689   Thumb Code   112  rt_task.o(i.rt_tsk_create)
    rt_tsk_delete                            0x08002709   Thumb Code   342  rt_task.o(i.rt_tsk_delete)
    rt_tsk_prio                              0x0800287d   Thumb Code   108  rt_task.o(i.rt_tsk_prio)
    rt_tsk_self                              0x080028f9   Thumb Code    12  rt_task.o(i.rt_tsk_self)
    svcDelay                                 0x08002909   Thumb Code    20  rt_cmsis.o(i.svcDelay)
    svcKernelInitialize                      0x0800291d   Thumb Code    80  rt_cmsis.o(i.svcKernelInitialize)
    svcKernelStart                           0x0800298d   Thumb Code    62  rt_cmsis.o(i.svcKernelStart)
    svcMessageCreate                         0x080029d5   Thumb Code    36  rt_cmsis.o(i.svcMessageCreate)
    svcMessageGet                            0x080029f9   Thumb Code    58  rt_cmsis.o(i.svcMessageGet)
    svcThreadCreate                          0x08002a35   Thumb Code   100  rt_cmsis.o(i.svcThreadCreate)
    svcThreadGetId                           0x08002aa5   Thumb Code    22  rt_cmsis.o(i.svcThreadGetId)
    svcThreadTerminate                       0x08002ac1   Thumb Code    50  rt_cmsis.o(i.svcThreadTerminate)
    svcTimerCall                             0x08002af9   Thumb Code    24  rt_cmsis.o(i.svcTimerCall)
    sysTimerTick                             0x08002b11   Thumb Code    84  rt_cmsis.o(i.sysTimerTick)
    os_maxtaskrun                            0x08002b8c   Data           2  rtx_conf_cm.o(.constdata)
    os_stackinfo                             0x08002b90   Data           4  rtx_conf_cm.o(.constdata)
    os_rrobin                                0x08002b94   Data           4  rtx_conf_cm.o(.constdata)
    os_tickfreq                              0x08002b98   Data           4  rtx_conf_cm.o(.constdata)
    os_tickus_i                              0x08002b9c   Data           2  rtx_conf_cm.o(.constdata)
    os_tickus_f                              0x08002b9e   Data           2  rtx_conf_cm.o(.constdata)
    os_trv                                   0x08002ba0   Data           4  rtx_conf_cm.o(.constdata)
    os_flags                                 0x08002ba4   Data           1  rtx_conf_cm.o(.constdata)
    CMSIS_RTOS_API_Version                   0x08002ba8   Data           4  rtx_conf_cm.o(.constdata)
    CMSIS_RTOS_RTX_Version                   0x08002bac   Data           4  rtx_conf_cm.o(.constdata)
    os_clockrate                             0x08002bb0   Data           4  rtx_conf_cm.o(.constdata)
    os_timernum                              0x08002bb4   Data           4  rtx_conf_cm.o(.constdata)
    mp_tcb_size                              0x08002bb8   Data           2  rtx_conf_cm.o(.constdata)
    mp_stk_size                              0x08002bbc   Data           4  rtx_conf_cm.o(.constdata)
    os_stack_sz                              0x08002bc0   Data           4  rtx_conf_cm.o(.constdata)
    os_fifo_size                             0x08002bc4   Data           1  rtx_conf_cm.o(.constdata)
    os_thread_def_osTimerThread              0x08002bc8   Data          16  rtx_conf_cm.o(.constdata)
    os_messageQ_def_osTimerMessageQ          0x08002bd8   Data           8  rtx_conf_cm.o(.constdata)
    mp_tmr_size                              0x08002be0   Data           2  rtx_conf_cm.o(.constdata)
    APBAHBPrescTable                         0x08002be2   Data          16  stm32f4xx_hal_rcc.o(.constdata)
    Region$$Table$$Base                      0x08002bf4   Number         0  anon$$obj.o(Region$$Table)
    Region$$Table$$Limit                     0x08002c14   Number         0  anon$$obj.o(Region$$Table)
    osThreadId_osTimerThread                 0x20000000   Data           4  rtx_conf_cm.o(.data)
    osMessageQId_osTimerMessageQ             0x20000004   Data           4  rtx_conf_cm.o(.data)
    os_tmr                                   0x20000008   Data           4  rtx_conf_cm.o(.data)
    m_tmr                                    0x2000000c   Data           4  rtx_conf_cm.o(.data)
    os_thread_def_main                       0x20000010   Data          16  rtx_conf_cm.o(.data)
    SystemCoreClock                          0x20000020   Data           4  system_stm32f4xx.o(.data)
    AHBPrescTable                            0x20000024   Data          16  system_stm32f4xx.o(.data)
    os_initialized                           0x20000038   Data           1  rt_cmsis.o(.data)
    os_running                               0x20000039   Data           1  rt_cmsis.o(.data)
    os_timer_head                            0x2000003c   Data           4  rt_cmsis.o(.data)
    os_time                                  0x20000040   Data           4  rt_time.o(.data)
    os_tsk                                   0x20000044   Data           8  rt_task.o(.data)
    os_tick_irqn                             0x20000050   Data           4  rt_system.o(.data)
    dbg_msg                                  0x20000054   Data           1  hal_cm.o(.data)
    os_robin                                 0x20000058   Data           8  rt_robin.o(.data)
    mp_tcb                                   0x20000060   Data         376  rtx_conf_cm.o(.bss)
    mp_stk                                   0x200001d8   Data        1216  rtx_conf_cm.o(.bss)
    os_stack_mem                             0x20000698   Data         432  rtx_conf_cm.o(.bss)
    os_fifo                                  0x20000848   Data         132  rtx_conf_cm.o(.bss)
    os_active_TCB                            0x200008cc   Data          28  rtx_conf_cm.o(.bss)
    os_messageQ_q_osTimerMessageQ            0x200008e8   Data          32  rtx_conf_cm.o(.bss)
    os_idle_TCB                              0x20000908   Data          52  rt_task.o(.bss)
    os_rdy                                   0x2000093c   Data          24  rt_list.o(.bss)
    os_dly                                   0x20000954   Data          24  rt_list.o(.bss)
    __initial_sp                             0x20000d70   Data           0  startup_stm32f407xx.o(STACK)



==============================================================================

Memory Map of the image

  Image Entry point : 0x08000189

  Load Region LR_IROM1 (Base: 0x08000000, Size: 0x00002c74, Max: 0x00100000, ABSOLUTE)

    Execution Region ER_IROM1 (Base: 0x08000000, Size: 0x00002c14, Max: 0x00100000, ABSOLUTE)

    Base Addr    Size         Type   Attr      Idx    E Section Name        Object

    0x08000000   0x00000188   Data   RO          201    RESET               startup_stm32f407xx.o
    0x08000188   0x00000000   Code   RO         1625  * .ARM.Collect$$$$00000000  mc_w.l(entry.o)
    0x08000188   0x00000004   Code   RO         1630    .ARM.Collect$$$$00000001  mc_w.l(entry2.o)
    0x0800018c   0x00000004   Code   RO         1633    .ARM.Collect$$$$00000004  mc_w.l(entry5.o)
    0x08000190   0x00000000   Code   RO         1635    .ARM.Collect$$$$00000008  mc_w.l(entry7b.o)
    0x08000190   0x00000000   Code   RO         1637    .ARM.Collect$$$$0000000A  mc_w.l(entry8b.o)
    0x08000190   0x00000000   Code   RO         1638    .ARM.Collect$$$$0000000D  mc_w.l(entry10a.o)
    0x08000190   0x00000000   Code   RO         1640    .ARM.Collect$$$$0000000F  mc_w.l(entry11a.o)
    0x08000190   0x00000018   Code   RO          167    .ARM.Collect$$$$000000FF  rtx_conf_cm.o
    0x080001a8   0x00000004   Code   RO         1631    .ARM.Collect$$$$00002712  mc_w.l(entry2.o)
    0x080001ac   0x00000180   Code   RO         1612    .emb_text           RTX_CM4.lib(hal_cm4.o)
    0x0800032c   0x00000100   Code   RO            4    .text               blinky.o
    0x0800042c   0x0000006c   Code   RO          120    .text               buttons_f4discovery.o
    0x08000498   0x000000c0   Code   RO          144    .text               led_f4discovery.o
    0x08000558   0x0000001e   Code   RO          168    .text               rtx_conf_cm.o
    0x08000576   0x00000002   PAD
    0x08000578   0x00000024   Code   RO          202    .text               startup_stm32f407xx.o
    0x0800059c   0x00000120   Code   RO          209    .text               system_stm32f4xx.o
    0x080006bc   0x000001a0   Code   RO          239    .text               stm32f4xx_hal.o
    0x0800085c   0x000002c4   Code   RO          265    .text               stm32f4xx_hal_cortex.o
    0x08000b20   0x000003c0   Code   RO          293    .text               stm32f4xx_hal_gpio.o
    0x08000ee0   0x00000aac   Code   RO          365    .text               stm32f4xx_hal_rcc.o
    0x0800198c   0x00000024   Code   RO         1646    .text               mc_w.l(init.o)
    0x080019b0   0x00000004   Code   RO         1622    SVC_TABLE           RTX_CM4.lib(svc_table.o)
    0x080019b4   0x0000000e   Code   RO         1650    i.__scatterload_copy  mc_w.l(handlers.o)
    0x080019c2   0x00000002   Code   RO         1651    i.__scatterload_null  mc_w.l(handlers.o)
    0x080019c4   0x0000000e   Code   RO         1652    i.__scatterload_zeroinit  mc_w.l(handlers.o)
    0x080019d2   0x00000046   Code   RO         1485    i._init_box         RTX_CM4.lib(rt_membox.o)
    0x08001a18   0x00000030   Code   RO         1538    i.dbg_init          RTX_CM4.lib(hal_cm.o)
    0x08001a48   0x00000020   Code   RO         1539    i.dbg_task_notify   RTX_CM4.lib(hal_cm.o)
    0x08001a68   0x00000010   Code   RO         1540    i.dbg_task_switch   RTX_CM4.lib(hal_cm.o)
    0x08001a78   0x0000002a   Code   RO          416    i.isrMessageGet     RTX_CM4.lib(rt_cmsis.o)
    0x08001aa2   0x0000002c   Code   RO          417    i.isrMessagePut     RTX_CM4.lib(rt_cmsis.o)
    0x08001ace   0x00000002   PAD
    0x08001ad0   0x00000052   Code   RO         1364    i.isr_mbx_receive   RTX_CM4.lib(rt_mailbox.o)
    0x08001b22   0x0000000e   Code   RO         1365    i.isr_mbx_send      RTX_CM4.lib(rt_mailbox.o)
    0x08001b30   0x00000018   Code   RO          420    i.osDelay           RTX_CM4.lib(rt_cmsis.o)
    0x08001b48   0x00000024   Code   RO          421    i.osKernelInitialize  RTX_CM4.lib(rt_cmsis.o)
    0x08001b6c   0x0000006c   Code   RO          423    i.osKernelStart     RTX_CM4.lib(rt_cmsis.o)
    0x08001bd8   0x00000018   Code   RO          432    i.osMessageGet      RTX_CM4.lib(rt_cmsis.o)
    0x08001bf0   0x00000030   Code   RO          449    i.osThreadCreate    RTX_CM4.lib(rt_cmsis.o)
    0x08001c20   0x00000018   Code   RO          450    i.osThreadExit      RTX_CM4.lib(rt_cmsis.o)
    0x08001c38   0x0000000c   Code   RO          456    i.osTimerCall       RTX_CM4.lib(rt_cmsis.o)
    0x08001c44   0x0000002c   Code   RO          461    i.osTimerThread     RTX_CM4.lib(rt_cmsis.o)
    0x08001c70   0x00000028   Code   RO         1156    i.os_tick_init      RTX_CM4.lib(rt_system.o)
    0x08001c98   0x00000002   Code   RO         1157    i.os_tick_irqack    RTX_CM4.lib(rt_system.o)
    0x08001c9a   0x0000001a   Code   RO         1486    i.rt_alloc_box      RTX_CM4.lib(rt_membox.o)
    0x08001cb4   0x0000003e   Code   RO         1514    i.rt_alloc_mem      RTX_CM4.lib(rt_memory.o)
    0x08001cf2   0x00000002   PAD
    0x08001cf4   0x00000038   Code   RO         1071    i.rt_block          RTX_CM4.lib(rt_task.o)
    0x08001d2c   0x00000048   Code   RO         1591    i.rt_chk_robin      RTX_CM4.lib(rt_robin.o)
    0x08001d74   0x00000070   Code   RO         1288    i.rt_dec_dly        RTX_CM4.lib(rt_list.o)
    0x08001de4   0x00000044   Code   RO         1072    i.rt_dispatch       RTX_CM4.lib(rt_task.o)
    0x08001e28   0x00000006   Code   RO         1038    i.rt_dly_wait       RTX_CM4.lib(rt_time.o)
    0x08001e2e   0x00000002   PAD
    0x08001e30   0x00000050   Code   RO         1249    i.rt_evt_psh        RTX_CM4.lib(rt_event.o)
    0x08001e80   0x00000020   Code   RO         1487    i.rt_free_box       RTX_CM4.lib(rt_membox.o)
    0x08001ea0   0x00000028   Code   RO         1515    i.rt_free_mem       RTX_CM4.lib(rt_memory.o)
    0x08001ec8   0x00000028   Code   RO         1289    i.rt_get_first      RTX_CM4.lib(rt_list.o)
    0x08001ef0   0x00000008   Code   RO          466    i.rt_id2obj         RTX_CM4.lib(rt_cmsis.o)
    0x08001ef8   0x00000048   Code   RO         1073    i.rt_init_context   RTX_CM4.lib(rt_task.o)
    0x08001f40   0x0000001a   Code   RO         1516    i.rt_init_mem       RTX_CM4.lib(rt_memory.o)
    0x08001f5a   0x00000002   PAD
    0x08001f5c   0x00000018   Code   RO         1592    i.rt_init_robin     RTX_CM4.lib(rt_robin.o)
    0x08001f74   0x00000080   Code   RO         1541    i.rt_init_stack     RTX_CM4.lib(hal_cm.o)
    0x08001ff4   0x00000008   Code   RO         1366    i.rt_mbx_check      RTX_CM4.lib(rt_mailbox.o)
    0x08001ffc   0x0000001a   Code   RO         1367    i.rt_mbx_init       RTX_CM4.lib(rt_mailbox.o)
    0x08002016   0x00000002   PAD
    0x08002018   0x000000f0   Code   RO         1368    i.rt_mbx_psh        RTX_CM4.lib(rt_mailbox.o)
    0x08002108   0x000000b4   Code   RO         1370    i.rt_mbx_wait       RTX_CM4.lib(rt_mailbox.o)
    0x080021bc   0x0000003c   Code   RO          467    i.rt_ms2tick        RTX_CM4.lib(rt_cmsis.o)
    0x080021f8   0x0000007c   Code   RO         1160    i.rt_pop_req        RTX_CM4.lib(rt_system.o)
    0x08002274   0x00000020   Code   RO         1161    i.rt_psh_req        RTX_CM4.lib(rt_system.o)
    0x08002294   0x0000005c   Code   RO         1291    i.rt_psq_enq        RTX_CM4.lib(rt_list.o)
    0x080022f0   0x00000048   Code   RO         1292    i.rt_put_dly        RTX_CM4.lib(rt_list.o)
    0x08002338   0x00000036   Code   RO         1293    i.rt_put_prio       RTX_CM4.lib(rt_list.o)
    0x0800236e   0x00000002   PAD
    0x08002370   0x00000014   Code   RO         1294    i.rt_put_rdy_first  RTX_CM4.lib(rt_list.o)
    0x08002384   0x00000034   Code   RO         1295    i.rt_resort_prio    RTX_CM4.lib(rt_list.o)
    0x080023b8   0x00000010   Code   RO         1542    i.rt_ret_regs       RTX_CM4.lib(hal_cm.o)
    0x080023c8   0x0000000c   Code   RO         1543    i.rt_ret_val        RTX_CM4.lib(hal_cm.o)
    0x080023d4   0x00000010   Code   RO         1544    i.rt_ret_val2       RTX_CM4.lib(hal_cm.o)
    0x080023e4   0x00000028   Code   RO         1296    i.rt_rmv_dly        RTX_CM4.lib(rt_list.o)
    0x0800240c   0x00000030   Code   RO         1297    i.rt_rmv_list       RTX_CM4.lib(rt_list.o)
    0x0800243c   0x00000034   Code   RO         1415    i.rt_sem_psh        RTX_CM4.lib(rt_semaphore.o)
    0x08002470   0x00000024   Code   RO         1163    i.rt_stk_check      RTX_CM4.lib(rt_system.o)
    0x08002494   0x00000028   Code   RO         1074    i.rt_switch_req     RTX_CM4.lib(rt_task.o)
    0x080024bc   0x000000cc   Code   RO         1075    i.rt_sys_init       RTX_CM4.lib(rt_task.o)
    0x08002588   0x00000078   Code   RO         1076    i.rt_sys_start      RTX_CM4.lib(rt_task.o)
    0x08002600   0x00000040   Code   RO         1165    i.rt_systick        RTX_CM4.lib(rt_system.o)
    0x08002640   0x00000012   Code   RO          468    i.rt_tid2ptcb       RTX_CM4.lib(rt_cmsis.o)
    0x08002652   0x00000002   PAD
    0x08002654   0x00000034   Code   RO          469    i.rt_timer_insert   RTX_CM4.lib(rt_cmsis.o)
    0x08002688   0x00000080   Code   RO         1077    i.rt_tsk_create     RTX_CM4.lib(rt_task.o)
    0x08002708   0x00000174   Code   RO         1078    i.rt_tsk_delete     RTX_CM4.lib(rt_task.o)
    0x0800287c   0x0000007c   Code   RO         1080    i.rt_tsk_prio       RTX_CM4.lib(rt_task.o)
    0x080028f8   0x00000010   Code   RO         1081    i.rt_tsk_self       RTX_CM4.lib(rt_task.o)
    0x08002908   0x00000014   Code   RO          471    i.svcDelay          RTX_CM4.lib(rt_cmsis.o)
    0x0800291c   0x00000070   Code   RO          472    i.svcKernelInitialize  RTX_CM4.lib(rt_cmsis.o)
    0x0800298c   0x00000048   Code   RO          474    i.svcKernelStart    RTX_CM4.lib(rt_cmsis.o)
    0x080029d4   0x00000024   Code   RO          477    i.svcMessageCreate  RTX_CM4.lib(rt_cmsis.o)
    0x080029f8   0x0000003a   Code   RO          478    i.svcMessageGet     RTX_CM4.lib(rt_cmsis.o)
    0x08002a32   0x00000002   PAD
    0x08002a34   0x00000070   Code   RO          492    i.svcThreadCreate   RTX_CM4.lib(rt_cmsis.o)
    0x08002aa4   0x0000001c   Code   RO          493    i.svcThreadGetId    RTX_CM4.lib(rt_cmsis.o)
    0x08002ac0   0x00000038   Code   RO          496    i.svcThreadTerminate  RTX_CM4.lib(rt_cmsis.o)
    0x08002af8   0x00000018   Code   RO          498    i.svcTimerCall      RTX_CM4.lib(rt_cmsis.o)
    0x08002b10   0x0000005c   Code   RO          507    i.sysTimerTick      RTX_CM4.lib(rt_cmsis.o)
    0x08002b6c   0x00000020   Data   RO          145    .constdata          led_f4discovery.o
    0x08002b8c   0x00000056   Data   RO          170    .constdata          rtx_conf_cm.o
    0x08002be2   0x00000010   Data   RO          366    .constdata          stm32f4xx_hal_rcc.o
    0x08002bf2   0x00000002   PAD
    0x08002bf4   0x00000020   Data   RO         1648    Region$$Table       anon$$obj.o


    Execution Region RW_IRAM1 (Base: 0x20000000, Size: 0x00000d70, Max: 0x00020000, ABSOLUTE)

    Base Addr    Size         Type   Attr      Idx    E Section Name        Object

    0x20000000   0x00000020   Data   RW          171    .data               rtx_conf_cm.o
    0x20000020   0x00000014   Data   RW          210    .data               system_stm32f4xx.o
    0x20000034   0x00000004   Data   RW          240    .data               stm32f4xx_hal.o
    0x20000038   0x00000008   Data   RW          510    .data               RTX_CM4.lib(rt_cmsis.o)
    0x20000040   0x00000004   Data   RW         1042    .data               RTX_CM4.lib(rt_time.o)
    0x20000044   0x00000008   Data   RW         1083    .data               RTX_CM4.lib(rt_task.o)
    0x2000004c   0x00000008   Data   RW         1168    .data               RTX_CM4.lib(rt_system.o)
    0x20000054   0x00000001   Data   RW         1545    .data               RTX_CM4.lib(hal_cm.o)
    0x20000055   0x00000003   PAD
    0x20000058   0x00000008   Data   RW         1593    .data               RTX_CM4.lib(rt_robin.o)
    0x20000060   0x000008a8   Zero   RW          169    .bss                rtx_conf_cm.o
    0x20000908   0x00000034   Zero   RW         1082    .bss                RTX_CM4.lib(rt_task.o)
    0x2000093c   0x00000030   Zero   RW         1298    .bss                RTX_CM4.lib(rt_list.o)
    0x2000096c   0x00000004   PAD
    0x20000970   0x00000400   Zero   RW          199    STACK               startup_stm32f407xx.o


==============================================================================

Image component sizes


      Code (inc. data)   RO Data    RW Data    ZI Data      Debug   Object Name

       256         12          0          0          0     305120   blinky.o
       108         10          0          0          0       1960   buttons_f4discovery.o
       192         12         32          0          0       2545   led_f4discovery.o
        54          6         86         32       2216       7522   rtx_conf_cm.o
        36          8        392          0       1024        892   startup_stm32f407xx.o
       416         26          0          4          0       4918   stm32f4xx_hal.o
       708         22          0          0          0      31658   stm32f4xx_hal_cortex.o
       960         50          0          0          0       3803   stm32f4xx_hal_gpio.o
      2732         76         16          0          0       5742   stm32f4xx_hal_rcc.o
       288         32          0         20          0       1783   system_stm32f4xx.o

    ----------------------------------------------------------------------
      5752        254        560         56       3240     365943   Object Totals
         0          0         32          0          0          0   (incl. Generated)
         2          0          2          0          0          0   (incl. Padding)

    ----------------------------------------------------------------------

      Code (inc. data)   RO Data    RW Data    ZI Data      Debug   Library Member Name

       268         24          0          1          0       4128   hal_cm.o
       384         28          0          0          0        796   hal_cm4.o
      1154        146          0          8          0      31014   rt_cmsis.o
        80          4          0          0          0        613   rt_event.o
       530         34          0          0         48       7765   rt_list.o
       550         10          0          0          0       3661   rt_mailbox.o
       128          0          0          0          0       1821   rt_membox.o
       128          0          0          0          0       2203   rt_memory.o
        96         22          0          8          0       1230   rt_robin.o
        52          4          0          0          0        557   rt_semaphore.o
       298         52          0          8          0       6239   rt_system.o
      1200        174          0          8         52       9253   rt_task.o
         6          0          0          4          0        668   rt_time.o
         4          4          0          0          0        200   svc_table.o
         0          0          0          0          0          0   entry.o
         0          0          0          0          0          0   entry10a.o
         0          0          0          0          0          0   entry11a.o
         8          4          0          0          0          0   entry2.o
         4          0          0          0          0          0   entry5.o
         0          0          0          0          0          0   entry7b.o
         0          0          0          0          0          0   entry8b.o
        30          0          0          0          0          0   handlers.o
        36          8          0          0          0         68   init.o

    ----------------------------------------------------------------------
      4972        514          0         40        104      70216   Library Totals
        16          0          0          3          4          0   (incl. Padding)

    ----------------------------------------------------------------------

      Code (inc. data)   RO Data    RW Data    ZI Data      Debug   Library Name

      4878        502          0         37        100      70148   RTX_CM4.lib
        78         12          0          0          0         68   mc_w.l

    ----------------------------------------------------------------------
      4972        514          0         40        104      70216   Library Totals

    ----------------------------------------------------------------------

==============================================================================


      Code (inc. data)   RO Data    RW Data    ZI Data      Debug   

     10724        768        560         96       3344     427463   Grand Totals
     10724        768        560         96       3344     427463   ELF Image Totals
     10724        768        560         96          0          0   ROM Totals

==============================================================================

    Total RO  Size (Code + RO Data)                11284 (  11.02kB)
    Total RW  Size (RW Data + ZI Data)              3440 (   3.36kB)
    Total ROM Size (Code + RO Data + RW Data)      11380 (  11.11kB)

==============================================================================

